Archive member included to satisfy reference by file (symbol)

/media/mdundas/Data/Dropbox/ECET260-2021/workspace/meadowST7735/Drivers/STemWin/Lib/libSTemWin_CM7_wc32.a(GUICC_565.o)
                              ./Drivers/STemWin/Config/LCDConf.o (LCD_API_ColorConv_565)
/media/mdundas/Data/Dropbox/ECET260-2021/workspace/meadowST7735/Drivers/STemWin/Lib/libSTemWin_CM7_wc32.a(GUI_Alloc.o)
                              ./Drivers/STemWin/Config/GUIConf.o (GUI_ALLOC_AssignMemory)
/media/mdundas/Data/Dropbox/ECET260-2021/workspace/meadowST7735/Drivers/STemWin/Lib/libSTemWin_CM7_wc32.a(GUI_Common.o)
                              ./Core/Src/main.o (GUI_Exec)
/media/mdundas/Data/Dropbox/ECET260-2021/workspace/meadowST7735/Drivers/STemWin/Lib/libSTemWin_CM7_wc32.a(GUI_Core.o)
                              /media/mdundas/Data/Dropbox/ECET260-2021/workspace/meadowST7735/Drivers/STemWin/Lib/libSTemWin_CM7_wc32.a(GUI_Common.o) (GUI_pfExecAnimations)
/media/mdundas/Data/Dropbox/ECET260-2021/workspace/meadowST7735/Drivers/STemWin/Lib/libSTemWin_CM7_wc32.a(GUI_Device.o)
                              ./Drivers/STemWin/Config/LCDConf.o (GUI_DEVICE_CreateAndLink)
/media/mdundas/Data/Dropbox/ECET260-2021/workspace/meadowST7735/Drivers/STemWin/Lib/libSTemWin_CM7_wc32.a(GUI_DispString.o)
                              /media/mdundas/Data/Dropbox/ECET260-2021/workspace/meadowST7735/Drivers/STemWin/Lib/libSTemWin_CM7_wc32.a(GUI_Common.o) (GUI_DispString)
/media/mdundas/Data/Dropbox/ECET260-2021/workspace/meadowST7735/Drivers/STemWin/Lib/libSTemWin_CM7_wc32.a(GUI_DispStringInRectEx.o)
                              /media/mdundas/Data/Dropbox/ECET260-2021/workspace/meadowST7735/Drivers/STemWin/Lib/libSTemWin_CM7_wc32.a(GUI_DispString.o) (GUI_DispStringInRectEx)
/media/mdundas/Data/Dropbox/ECET260-2021/workspace/meadowST7735/Drivers/STemWin/Lib/libSTemWin_CM7_wc32.a(GUI_OnKey.o)
                              /media/mdundas/Data/Dropbox/ECET260-2021/workspace/meadowST7735/Drivers/STemWin/Lib/libSTemWin_CM7_wc32.a(GUI_Common.o) (GUI_GetKey)
/media/mdundas/Data/Dropbox/ECET260-2021/workspace/meadowST7735/Drivers/STemWin/Lib/libSTemWin_CM7_wc32.a(GUI_UC.o)
                              /media/mdundas/Data/Dropbox/ECET260-2021/workspace/meadowST7735/Drivers/STemWin/Lib/libSTemWin_CM7_wc32.a(GUI_DispString.o) (GUI_UC__GetCharCodeInc)
/media/mdundas/Data/Dropbox/ECET260-2021/workspace/meadowST7735/Drivers/STemWin/Lib/libSTemWin_CM7_wc32.a(GUI_UC_EncodeNone.o)
                              /media/mdundas/Data/Dropbox/ECET260-2021/workspace/meadowST7735/Drivers/STemWin/Lib/libSTemWin_CM7_wc32.a(GUI_Core.o) (GUI_UC_None)
/media/mdundas/Data/Dropbox/ECET260-2021/workspace/meadowST7735/Drivers/STemWin/Lib/libSTemWin_CM7_wc32.a(GUI_WaitEvent.o)
                              /media/mdundas/Data/Dropbox/ECET260-2021/workspace/meadowST7735/Drivers/STemWin/Lib/libSTemWin_CM7_wc32.a(GUI_OnKey.o) (GUI_SignalEvent)
/media/mdundas/Data/Dropbox/ECET260-2021/workspace/meadowST7735/Drivers/STemWin/Lib/libSTemWin_CM7_wc32.a(GUI__DivTbl.o)
                              /media/mdundas/Data/Dropbox/ECET260-2021/workspace/meadowST7735/Drivers/STemWin/Lib/libSTemWin_CM7_wc32.a(GUICC_565.o) (GUI__aConvert_255_63)
/media/mdundas/Data/Dropbox/ECET260-2021/workspace/meadowST7735/Drivers/STemWin/Lib/libSTemWin_CM7_wc32.a(GUI__Private.o)
                              /media/mdundas/Data/Dropbox/ECET260-2021/workspace/meadowST7735/Drivers/STemWin/Lib/libSTemWin_CM7_wc32.a(GUI_Common.o) (GUI__HandleEOLine)
/media/mdundas/Data/Dropbox/ECET260-2021/workspace/meadowST7735/Drivers/STemWin/Lib/libSTemWin_CM7_wc32.a(GUI__SinHQ.o)
                              /media/mdundas/Data/Dropbox/ECET260-2021/workspace/meadowST7735/Drivers/STemWin/Lib/libSTemWin_CM7_wc32.a(GUI_Common.o) (GUI__SinHQ)
/media/mdundas/Data/Dropbox/ECET260-2021/workspace/meadowST7735/Drivers/STemWin/Lib/libSTemWin_CM7_wc32.a(GUI__Wrap.o)
                              /media/mdundas/Data/Dropbox/ECET260-2021/workspace/meadowST7735/Drivers/STemWin/Lib/libSTemWin_CM7_wc32.a(GUI_DispString.o) (GUI__WrapGetNumCharsDisp)
/media/mdundas/Data/Dropbox/ECET260-2021/workspace/meadowST7735/Drivers/STemWin/Lib/libSTemWin_CM7_wc32.a(LCD.o)
                              /media/mdundas/Data/Dropbox/ECET260-2021/workspace/meadowST7735/Drivers/STemWin/Lib/libSTemWin_CM7_wc32.a(GUI_Common.o) (LCD_SetDrawMode)
/media/mdundas/Data/Dropbox/ECET260-2021/workspace/meadowST7735/Drivers/STemWin/Lib/libSTemWin_CM7_wc32.a(LCD_Color.o)
                              /media/mdundas/Data/Dropbox/ECET260-2021/workspace/meadowST7735/Drivers/STemWin/Lib/libSTemWin_CM7_wc32.a(LCD.o) (LCD_InitColors)
/media/mdundas/Data/Dropbox/ECET260-2021/workspace/meadowST7735/Drivers/STemWin/Lib/libSTemWin_CM7_wc32.a(LCD_GetColorIndex.o)
                              /media/mdundas/Data/Dropbox/ECET260-2021/workspace/meadowST7735/Drivers/STemWin/Lib/libSTemWin_CM7_wc32.a(GUI_Common.o) (LCD_GetBkColorIndex)
[...]
Memory Configuration

Name             Origin             Length             Attributes
RAM              0x0000000020000000 0x0000000000080000 xrw
FLASH            0x0000000008000000 0x0000000000200000 xr
*default*        0x0000000000000000 0xffffffffffffffff

Linker script and memory map

LOAD /opt/st/stm32cubeide_1.6.0/plugins/com.st.stm32cube.ide.mcu.externaltools.gnu-tools-for-stm32.9-2020-q2-update.linux64_2.0.0.202105311346/tools/bin/../lib/gcc/arm-none-eabi/9.3.1/thumb/v7e-m+dp/hard/crti.o
LOAD /opt/st/stm32cubeide_1.6.0/plugins/com.st.stm32cube.ide.mcu.externaltools.gnu-tools-for-stm32.9-2020-q2-update.linux64_2.0.0.202105311346/tools/bin/../lib/gcc/arm-none-eabi/9.3.1/thumb/v7e-m+dp/hard/crtbegin.o
LOAD /opt/st/stm32cubeide_1.6.0/plugins/com.st.stm32cube.ide.mcu.externaltools.gnu-tools-for-stm32.9-2020-q2-update.linux64_2.0.0.202105311346/tools/bin/../lib/gcc/arm-none-eabi/9.3.1/../../../../arm-none-eabi/lib/thumb/v7e-m+dp/hard/crt0.o
LOAD ./Core/Src/lemmling_Cartoon_penguin_small.o
LOAD ./Core/Src/main.o
LOAD ./Core/Src/stm32f7xx_hal_msp.o
LOAD ./Core/Src/stm32f7xx_it.o
LOAD ./Core/Src/syscalls.o
LOAD ./Core/Src/sysmem.o
LOAD ./Core/Src/system_stm32f7xx.o
LOAD ./Core/Startup/startup_stm32f777iikx.o
LOAD ./Drivers/STM32F7xx_HAL_Driver/Src/stm32f7xx_hal.o
LOAD ./Drivers/STM32F7xx_HAL_Driver/Src/stm32f7xx_hal_adc.o
LOAD ./Drivers/STM32F7xx_HAL_Driver/Src/stm32f7xx_hal_adc_ex.o
LOAD ./Drivers/STM32F7xx_HAL_Driver/Src/stm32f7xx_hal_cortex.o
LOAD ./Drivers/STM32F7xx_HAL_Driver/Src/stm32f7xx_hal_crc.o
LOAD ./Drivers/STM32F7xx_HAL_Driver/Src/stm32f7xx_hal_crc_ex.o
LOAD ./Drivers/STM32F7xx_HAL_Driver/Src/stm32f7xx_hal_dma.o
LOAD ./Drivers/STM32F7xx_HAL_Driver/Src/stm32f7xx_hal_dma_ex.o
LOAD ./Drivers/STM32F7xx_HAL_Driver/Src/stm32f7xx_hal_exti.o
LOAD ./Drivers/STM32F7xx_HAL_Driver/Src/stm32f7xx_hal_flash.o
LOAD ./Drivers/STM32F7xx_HAL_Driver/Src/stm32f7xx_hal_flash_ex.o
LOAD ./Drivers/STM32F7xx_HAL_Driver/Src/stm32f7xx_hal_gpio.o
LOAD ./Drivers/STM32F7xx_HAL_Driver/Src/stm32f7xx_hal_i2c.o
LOAD ./Drivers/STM32F7xx_HAL_Driver/Src/stm32f7xx_hal_i2c_ex.o
LOAD ./Drivers/STM32F7xx_HAL_Driver/Src/stm32f7xx_hal_pwr.o
LOAD ./Drivers/STM32F7xx_HAL_Driver/Src/stm32f7xx_hal_pwr_ex.o
LOAD ./Drivers/STM32F7xx_HAL_Driver/Src/stm32f7xx_hal_rcc.o
LOAD ./Drivers/STM32F7xx_HAL_Driver/Src/stm32f7xx_hal_rcc_ex.o
LOAD ./Drivers/STM32F7xx_HAL_Driver/Src/stm32f7xx_hal_spi.o
LOAD ./Drivers/STM32F7xx_HAL_Driver/Src/stm32f7xx_hal_spi_ex.o
LOAD ./Drivers/STM32F7xx_HAL_Driver/Src/stm32f7xx_hal_tim.o
LOAD ./Drivers/STM32F7xx_HAL_Driver/Src/stm32f7xx_hal_tim_ex.o
LOAD ./Drivers/STM32F7xx_HAL_Driver/Src/stm32f7xx_hal_uart.o
LOAD ./Drivers/STM32F7xx_HAL_Driver/Src/stm32f7xx_hal_uart_ex.o
LOAD ./Drivers/STemWin/Config/GUIConf.o
LOAD ./Drivers/STemWin/Config/LCDConf.o
LOAD ./Drivers/STemWin/OS/GUI_X.o
LOAD /media/mdundas/Data/Dropbox/ECET260-2021/workspace/meadowST7735/Drivers/STemWin/Lib/libSTemWin_CM7_wc32.a
START GROUP
LOAD /opt/st/stm32cubeide_1.6.0/plugins/com.st.stm32cube.ide.mcu.externaltools.gnu-tools-for-stm32.9-2020-q2-update.linux64_2.0.0.202105311346/tools/bin/../lib/gcc/arm-none-eabi/9.3.1/../../../../arm-none-eabi/lib/thumb/v7e-m+dp/hard/libc_nano.a
LOAD /opt/st/stm32cubeide_1.6.0/plugins/com.st.stm32cube.ide.mcu.externaltools.gnu-tools-for-stm32.9-2020-q2-update.linux64_2.0.0.202105311346/tools/bin/../lib/gcc/arm-none-eabi/9.3.1/../../../../arm-none-eabi/lib/thumb/v7e-m+dp/hard/libm.a
END GROUP
START GROUP
LOAD /opt/st/stm32cubeide_1.6.0/plugins/com.st.stm32cube.ide.mcu.externaltools.gnu-tools-for-stm32.9-2020-q2-update.linux64_2.0.0.202105311346/tools/bin/../lib/gcc/arm-none-eabi/9.3.1/thumb/v7e-m+dp/hard/libgcc.a
LOAD /opt/st/stm32cubeide_1.6.0/plugins/com.st.stm32cube.ide.mcu.externaltools.gnu-tools-for-stm32.9-2020-q2-update.linux64_2.0.0.202105311346/tools/bin/../lib/gcc/arm-none-eabi/9.3.1/../../../../arm-none-eabi/lib/thumb/v7e-m+dp/hard/libc_nano.a
END GROUP
START GROUP
LOAD /opt/st/stm32cubeide_1.6.0/plugins/com.st.stm32cube.ide.mcu.externaltools.gnu-tools-for-stm32.9-2020-q2-update.linux64_2.0.0.202105311346/tools/bin/../lib/gcc/arm-none-eabi/9.3.1/thumb/v7e-m+dp/hard/libgcc.a
LOAD /opt/st/stm32cubeide_1.6.0/plugins/com.st.stm32cube.ide.mcu.externaltools.gnu-tools-for-stm32.9-2020-q2-update.linux64_2.0.0.202105311346/tools/bin/../lib/gcc/arm-none-eabi/9.3.1/../../../../arm-none-eabi/lib/thumb/v7e-m+dp/hard/libc_nano.a
LOAD /opt/st/stm32cubeide_1.6.0/plugins/com.st.stm32cube.ide.mcu.externaltools.gnu-tools-for-stm32.9-2020-q2-update.linux64_2.0.0.202105311346/tools/bin/../lib/gcc/arm-none-eabi/9.3.1/../../../../arm-none-eabi/lib/thumb/v7e-m+dp/hard/libnosys.a
END GROUP
START GROUP
LOAD /opt/st/stm32cubeide_1.6.0/plugins/com.st.stm32cube.ide.mcu.externaltools.gnu-tools-for-stm32.9-2020-q2-update.linux64_2.0.0.202105311346/tools/bin/../lib/gcc/arm-none-eabi/9.3.1/thumb/v7e-m+dp/hard/libgcc.a
LOAD /opt/st/stm32cubeide_1.6.0/plugins/com.st.stm32cube.ide.mcu.externaltools.gnu-tools-for-stm32.9-2020-q2-update.linux64_2.0.0.202105311346/tools/bin/../lib/gcc/arm-none-eabi/9.3.1/../../../../arm-none-eabi/lib/thumb/v7e-m+dp/hard/libc_nano.a
LOAD /opt/st/stm32cubeide_1.6.0/plugins/com.st.stm32cube.ide.mcu.externaltools.gnu-tools-for-stm32.9-2020-q2-update.linux64_2.0.0.202105311346/tools/bin/../lib/gcc/arm-none-eabi/9.3.1/../../../../arm-none-eabi/lib/thumb/v7e-m+dp/hard/libnosys.a
END GROUP
LOAD /opt/st/stm32cubeide_1.6.0/plugins/com.st.stm32cube.ide.mcu.externaltools.gnu-tools-for-stm32.9-2020-q2-update.linux64_2.0.0.202105311346/tools/bin/../lib/gcc/arm-none-eabi/9.3.1/thumb/v7e-m+dp/hard/crtend.o
LOAD /opt/st/stm32cubeide_1.6.0/plugins/com.st.stm32cube.ide.mcu.externaltools.gnu-tools-for-stm32.9-2020-q2-update.linux64_2.0.0.202105311346/tools/bin/../lib/gcc/arm-none-eabi/9.3.1/thumb/v7e-m+dp/hard/crtn.o
                0x0000000020080000                _estack = (ORIGIN (RAM) + LENGTH (RAM))
                0x0000000000000200                _Min_Heap_Size = 0x200
                0x0000000000000400                _Min_Stack_Size = 0x400

.isr_vector     0x0000000008000000      0x1f8
                0x0000000008000000                . = ALIGN (0x4)
 *(.isr_vector)
 .isr_vector    0x0000000008000000      0x1f8 ./Core/Startup/startup_stm32f777iikx.o
                0x0000000008000000                g_pfnVectors
                0x00000000080001f8                . = ALIGN (0x4)

.text           0x00000000080001f8     0xca38
                0x00000000080001f8                . = ALIGN (0x4)
 *(.text)
 .text          0x00000000080001f8       0x40 /opt/st/stm32cubeide_1.6.0/plugins/com.st.stm32cube.ide.mcu.externaltools.gnu-tools-for-stm32.9-2020-q2-update.linux64_2.0.0.202105311346/tools/bin/../lib/gcc/arm-none-eabi/9.3.1/thumb/v7e-m+dp/hard/crtbegin.o
 .text          0x0000000008000238       0x30 /opt/st/stm32cubeide_1.6.0/plugins/com.st.stm32cube.ide.mcu.externaltools.gnu-tools-for-stm32.9-2020-q2-update.linux64_2.0.0.202105311346/tools/bin/../lib/gcc/arm-none-eabi/9.3.1/thumb/v7e-m+dp/hard/libgcc.a(_aeabi_uldivmod.o)
                0x0000000008000238                __aeabi_uldivmod
 .text          0x0000000008000268      0x2c4 /opt/st/stm32cubeide_1.6.0/plugins/com.st.stm32cube.ide.mcu.externaltools.gnu-tools-for-stm32.9-2020-q2-update.linux64_2.0.0.202105311346/tools/bin/../lib/gcc/arm-none-eabi/9.3.1/thumb/v7e-m+dp/hard/libgcc.a(_udivmoddi4.o)
                0x0000000008000268                __udivmoddi4
 .text          0x000000000800052c        0x4 /opt/st/stm32cubeide_1.6.0/plugins/com.st.stm32cube.ide.mcu.externaltools.gnu-tools-for-stm32.9-2020-q2-update.linux64_2.0.0.202105311346/tools/bin/../lib/gcc/arm-none-eabi/9.3.1/thumb/v7e-m+dp/hard/libgcc.a(_dvmd_tls.o)
                0x000000000800052c                __aeabi_ldiv0
                0x000000000800052c                __aeabi_idiv0
 *(.text*)
 .text.main     0x0000000008000530       0x8c ./Core/Src/main.o
                0x0000000008000530                main
 .text.SystemClock_Config
                0x00000000080005bc      0x128 ./Core/Src/main.o
                0x00000000080005bc                SystemClock_Config
 .text.MX_ADC1_Init
                0x00000000080006e4       0xa4 ./Core/Src/main.o
 .text.MX_CRC_Init
                0x0000000008000788       0x44 ./Core/Src/main.o
 .text.MX_SPI2_Init
                0x00000000080007cc       0x7c ./Core/Src/main.o
 .text.MX_SPI3_Init
                0x0000000008000848       0x7c ./Core/Src/main.o
 .text.MX_UART5_Init
                0x00000000080008c4       0x60 ./Core/Src/main.o
 .text.MX_GPIO_Init
                0x0000000008000924      0x260 ./Core/Src/main.o
 .text.Error_Handler
                0x0000000008000b84        0xa ./Core/Src/main.o
                0x0000000008000b84                Error_Handler
 *fill*         0x0000000008000b8e        0x2 
 .text.HAL_MspInit
                0x0000000008000b90       0x48 ./Core/Src/stm32f7xx_hal_msp.o
                0x0000000008000b90                HAL_MspInit
 .text.HAL_ADC_MspInit
                0x0000000008000bd8       0xb4 ./Core/Src/stm32f7xx_hal_msp.o
                0x0000000008000bd8                HAL_ADC_MspInit
 .text.HAL_CRC_MspInit
                0x0000000008000c8c       0x40 ./Core/Src/stm32f7xx_hal_msp.o
                0x0000000008000c8c                HAL_CRC_MspInit
 .text.HAL_SPI_MspInit
                0x0000000008000ccc      0x164 ./Core/Src/stm32f7xx_hal_msp.o
                0x0000000008000ccc                HAL_SPI_MspInit
 .text.HAL_UART_MspInit
                0x0000000008000e30       0xc4 ./Core/Src/stm32f7xx_hal_msp.o
                0x0000000008000e30                HAL_UART_MspInit
 .text.NMI_Handler
                0x0000000008000ef4        0x6 ./Core/Src/stm32f7xx_it.o
                0x0000000008000ef4                NMI_Handler
 .text.HardFault_Handler
                0x0000000008000efa        0x6 ./Core/Src/stm32f7xx_it.o
                0x0000000008000efa                HardFault_Handler
 .text.MemManage_Handler
                0x0000000008000f00        0x6 ./Core/Src/stm32f7xx_it.o
                0x0000000008000f00                MemManage_Handler
 .text.BusFault_Handler
                0x0000000008000f06        0x6 ./Core/Src/stm32f7xx_it.o
                0x0000000008000f06                BusFault_Handler
 .text.UsageFault_Handler
                0x0000000008000f0c        0x6 ./Core/Src/stm32f7xx_it.o
                0x0000000008000f0c                UsageFault_Handler
 .text.SVC_Handler
                0x0000000008000f12        0xe ./Core/Src/stm32f7xx_it.o
                0x0000000008000f12                SVC_Handler
 .text.DebugMon_Handler
                0x0000000008000f20        0xe ./Core/Src/stm32f7xx_it.o
                0x0000000008000f20                DebugMon_Handler
 .text.PendSV_Handler
                0x0000000008000f2e        0xe ./Core/Src/stm32f7xx_it.o
                0x0000000008000f2e                PendSV_Handler
 .text.SysTick_Handler
                0x0000000008000f3c        0xc ./Core/Src/stm32f7xx_it.o
                0x0000000008000f3c                SysTick_Handler
 .text.SystemInit
                0x0000000008000f48       0x24 ./Core/Src/system_stm32f7xx.o
                0x0000000008000f48                SystemInit
 .text.Reset_Handler
                0x0000000008000f6c       0x50 ./Core/Startup/startup_stm32f777iikx.o
                0x0000000008000f6c                Reset_Handler
 .text.Default_Handler
                0x0000000008000fbc        0x2 ./Core/Startup/startup_stm32f777iikx.o
                0x0000000008000fbc                RTC_Alarm_IRQHandler
                0x0000000008000fbc                HASH_RNG_IRQHandler
                0x0000000008000fbc                EXTI2_IRQHandler
                0x0000000008000fbc                TIM8_CC_IRQHandler
                0x0000000008000fbc                UART8_IRQHandler
                0x0000000008000fbc                SPI4_IRQHandler
                0x0000000008000fbc                TIM1_CC_IRQHandler
                0x0000000008000fbc                DMA2_Stream5_IRQHandler
                0x0000000008000fbc                JPEG_IRQHandler
                0x0000000008000fbc                DMA1_Stream5_IRQHandler
                0x0000000008000fbc                CAN3_RX1_IRQHandler
                0x0000000008000fbc                PVD_IRQHandler
                0x0000000008000fbc                TAMP_STAMP_IRQHandler
                0x0000000008000fbc                CAN2_RX1_IRQHandler
                0x0000000008000fbc                EXTI3_IRQHandler
                0x0000000008000fbc                TIM8_TRG_COM_TIM14_IRQHandler
                0x0000000008000fbc                DFSDM1_FLT1_IRQHandler
                0x0000000008000fbc                TIM1_UP_TIM10_IRQHandler
                0x0000000008000fbc                TIM8_UP_TIM13_IRQHandler
                0x0000000008000fbc                I2C3_ER_IRQHandler
                0x0000000008000fbc                DFSDM1_FLT2_IRQHandler
                0x0000000008000fbc                EXTI0_IRQHandler
                0x0000000008000fbc                I2C2_EV_IRQHandler
                0x0000000008000fbc                DMA1_Stream2_IRQHandler
                0x0000000008000fbc                CAN1_RX0_IRQHandler
                0x0000000008000fbc                FPU_IRQHandler
                0x0000000008000fbc                OTG_HS_WKUP_IRQHandler
                0x0000000008000fbc                CAN3_SCE_IRQHandler
                0x0000000008000fbc                LTDC_ER_IRQHandler
                0x0000000008000fbc                CAN2_SCE_IRQHandler
                0x0000000008000fbc                DMA2_Stream2_IRQHandler
                0x0000000008000fbc                SPI1_IRQHandler
                0x0000000008000fbc                TIM6_DAC_IRQHandler
                0x0000000008000fbc                TIM1_BRK_TIM9_IRQHandler
                0x0000000008000fbc                DCMI_IRQHandler
                0x0000000008000fbc                CAN2_RX0_IRQHandler
                0x0000000008000fbc                DMA2_Stream3_IRQHandler
                0x0000000008000fbc                SAI2_IRQHandler
                0x0000000008000fbc                DFSDM1_FLT3_IRQHandler
                0x0000000008000fbc                USART6_IRQHandler
                0x0000000008000fbc                CAN3_RX0_IRQHandler
                0x0000000008000fbc                USART3_IRQHandler
                0x0000000008000fbc                CRYP_IRQHandler
                0x0000000008000fbc                CAN1_RX1_IRQHandler
                0x0000000008000fbc                UART5_IRQHandler
                0x0000000008000fbc                DMA2_Stream0_IRQHandler
                0x0000000008000fbc                TIM4_IRQHandler
                0x0000000008000fbc                QUADSPI_IRQHandler
                0x0000000008000fbc                I2C1_EV_IRQHandler
                0x0000000008000fbc                DMA1_Stream6_IRQHandler
                0x0000000008000fbc                DMA1_Stream1_IRQHandler
                0x0000000008000fbc                UART4_IRQHandler
                0x0000000008000fbc                TIM3_IRQHandler
                0x0000000008000fbc                RCC_IRQHandler
                0x0000000008000fbc                TIM8_BRK_TIM12_IRQHandler
                0x0000000008000fbc                Default_Handler
                0x0000000008000fbc                CEC_IRQHandler
                0x0000000008000fbc                EXTI15_10_IRQHandler
                0x0000000008000fbc                ADC_IRQHandler
                0x0000000008000fbc                DMA1_Stream7_IRQHandler
                0x0000000008000fbc                SPI5_IRQHandler
                0x0000000008000fbc                TIM7_IRQHandler
                0x0000000008000fbc                SDMMC1_IRQHandler
                0x0000000008000fbc                CAN2_TX_IRQHandler
                0x0000000008000fbc                TIM5_IRQHandler
                0x0000000008000fbc                DMA2_Stream7_IRQHandler
                0x0000000008000fbc                I2C3_EV_IRQHandler
                0x0000000008000fbc                EXTI9_5_IRQHandler
                0x0000000008000fbc                RTC_WKUP_IRQHandler
                0x0000000008000fbc                LTDC_IRQHandler
                0x0000000008000fbc                ETH_WKUP_IRQHandler
                0x0000000008000fbc                SPDIF_RX_IRQHandler
                0x0000000008000fbc                SPI2_IRQHandler
                0x0000000008000fbc                OTG_HS_EP1_IN_IRQHandler
                0x0000000008000fbc                DMA1_Stream0_IRQHandler
                0x0000000008000fbc                CAN1_TX_IRQHandler
                0x0000000008000fbc                EXTI4_IRQHandler
                0x0000000008000fbc                ETH_IRQHandler
                0x0000000008000fbc                OTG_HS_EP1_OUT_IRQHandler
                0x0000000008000fbc                WWDG_IRQHandler
                0x0000000008000fbc                SPI6_IRQHandler
                0x0000000008000fbc                MDIOS_IRQHandler
                0x0000000008000fbc                I2C4_EV_IRQHandler
                0x0000000008000fbc                CAN3_TX_IRQHandler
                0x0000000008000fbc                TIM2_IRQHandler
                0x0000000008000fbc                OTG_FS_WKUP_IRQHandler
                0x0000000008000fbc                TIM1_TRG_COM_TIM11_IRQHandler
                0x0000000008000fbc                OTG_HS_IRQHandler
                0x0000000008000fbc                DMA2D_IRQHandler
                0x0000000008000fbc                EXTI1_IRQHandler
                0x0000000008000fbc                SDMMC2_IRQHandler
                0x0000000008000fbc                UART7_IRQHandler
                0x0000000008000fbc                USART2_IRQHandler
                0x0000000008000fbc                DFSDM1_FLT0_IRQHandler
                0x0000000008000fbc                I2C2_ER_IRQHandler
                0x0000000008000fbc                DMA2_Stream1_IRQHandler
                0x0000000008000fbc                CAN1_SCE_IRQHandler
                0x0000000008000fbc                FLASH_IRQHandler
                0x0000000008000fbc                DMA2_Stream4_IRQHandler
                0x0000000008000fbc                USART1_IRQHandler
                0x0000000008000fbc                OTG_FS_IRQHandler
                0x0000000008000fbc                SPI3_IRQHandler
                0x0000000008000fbc                DMA1_Stream4_IRQHandler
                0x0000000008000fbc                I2C1_ER_IRQHandler
                0x0000000008000fbc                FMC_IRQHandler
                0x0000000008000fbc                LPTIM1_IRQHandler
                0x0000000008000fbc                I2C4_ER_IRQHandler
                0x0000000008000fbc                DMA2_Stream6_IRQHandler
                0x0000000008000fbc                SAI1_IRQHandler
                0x0000000008000fbc                DMA1_Stream3_IRQHandler
 *fill*         0x0000000008000fbe        0x2 
 .text.HAL_Init
                0x0000000008000fc0       0x2c ./Drivers/STM32F7xx_HAL_Driver/Src/stm32f7xx_hal.o
                0x0000000008000fc0                HAL_Init
 .text.HAL_InitTick
                0x0000000008000fec       0x60 ./Drivers/STM32F7xx_HAL_Driver/Src/stm32f7xx_hal.o
                0x0000000008000fec                HAL_InitTick
 .text.HAL_IncTick
                0x000000000800104c       0x28 ./Drivers/STM32F7xx_HAL_Driver/Src/stm32f7xx_hal.o
                0x000000000800104c                HAL_IncTick
 .text.HAL_GetTick
                0x0000000008001074       0x18 ./Drivers/STM32F7xx_HAL_Driver/Src/stm32f7xx_hal.o
                0x0000000008001074                HAL_GetTick
 .text.HAL_Delay
                0x000000000800108c       0x48 ./Drivers/STM32F7xx_HAL_Driver/Src/stm32f7xx_hal.o
                0x000000000800108c                HAL_Delay
 .text.HAL_ADC_Init
                0x00000000080010d4       0x88 ./Drivers/STM32F7xx_HAL_Driver/Src/stm32f7xx_hal_adc.o
                0x00000000080010d4                HAL_ADC_Init
 .text.HAL_ADC_ConfigChannel
                0x000000000800115c      0x294 ./Drivers/STM32F7xx_HAL_Driver/Src/stm32f7xx_hal_adc.o
                0x000000000800115c                HAL_ADC_ConfigChannel
 .text.ADC_Init
                0x00000000080013f0      0x1f4 ./Drivers/STM32F7xx_HAL_Driver/Src/stm32f7xx_hal_adc.o
 .text.__NVIC_SetPriorityGrouping
                0x00000000080015e4       0x48 ./Drivers/STM32F7xx_HAL_Driver/Src/stm32f7xx_hal_cortex.o
 .text.__NVIC_GetPriorityGrouping
                0x000000000800162c       0x1c ./Drivers/STM32F7xx_HAL_Driver/Src/stm32f7xx_hal_cortex.o
 .text.__NVIC_SetPriority
                0x0000000008001648       0x54 ./Drivers/STM32F7xx_HAL_Driver/Src/stm32f7xx_hal_cortex.o
 .text.NVIC_EncodePriority
                0x000000000800169c       0x66 ./Drivers/STM32F7xx_HAL_Driver/Src/stm32f7xx_hal_cortex.o
 *fill*         0x0000000008001702        0x2 
 .text.SysTick_Config
                0x0000000008001704       0x44 ./Drivers/STM32F7xx_HAL_Driver/Src/stm32f7xx_hal_cortex.o
 .text.HAL_NVIC_SetPriorityGrouping
                0x0000000008001748       0x16 ./Drivers/STM32F7xx_HAL_Driver/Src/stm32f7xx_hal_cortex.o
                0x0000000008001748                HAL_NVIC_SetPriorityGrouping
 .text.HAL_NVIC_SetPriority
                0x000000000800175e       0x38 ./Drivers/STM32F7xx_HAL_Driver/Src/stm32f7xx_hal_cortex.o
                0x000000000800175e                HAL_NVIC_SetPriority
 .text.HAL_SYSTICK_Config
                0x0000000008001796       0x18 ./Drivers/STM32F7xx_HAL_Driver/Src/stm32f7xx_hal_cortex.o
                0x0000000008001796                HAL_SYSTICK_Config
 *fill*         0x00000000080017ae        0x2 
 .text.HAL_CRC_Init
                0x00000000080017b0       0xc8 ./Drivers/STM32F7xx_HAL_Driver/Src/stm32f7xx_hal_crc.o
                0x00000000080017b0                HAL_CRC_Init
 .text.HAL_CRCEx_Polynomial_Set
                0x0000000008001878      0x10c ./Drivers/STM32F7xx_HAL_Driver/Src/stm32f7xx_hal_crc_ex.o
                0x0000000008001878                HAL_CRCEx_Polynomial_Set
 .text.HAL_GPIO_Init
                0x0000000008001984      0x358 ./Drivers/STM32F7xx_HAL_Driver/Src/stm32f7xx_hal_gpio.o
                0x0000000008001984                HAL_GPIO_Init
 .text.HAL_GPIO_WritePin
                0x0000000008001cdc       0x32 ./Drivers/STM32F7xx_HAL_Driver/Src/stm32f7xx_hal_gpio.o
                0x0000000008001cdc                HAL_GPIO_WritePin
 *fill*         0x0000000008001d0e        0x2 
 .text.HAL_PWREx_EnableOverDrive
                0x0000000008001d10       0xa0 ./Drivers/STM32F7xx_HAL_Driver/Src/stm32f7xx_hal_pwr_ex.o
                0x0000000008001d10                HAL_PWREx_EnableOverDrive
 .text.HAL_RCC_OscConfig
                0x0000000008001db0      0x55c ./Drivers/STM32F7xx_HAL_Driver/Src/stm32f7xx_hal_rcc.o
                0x0000000008001db0                HAL_RCC_OscConfig
 .text.HAL_RCC_ClockConfig
                0x000000000800230c      0x1d8 ./Drivers/STM32F7xx_HAL_Driver/Src/stm32f7xx_hal_rcc.o
                0x000000000800230c                HAL_RCC_ClockConfig
 .text.HAL_RCC_GetSysClockFreq
                0x00000000080024e4      0x16c ./Drivers/STM32F7xx_HAL_Driver/Src/stm32f7xx_hal_rcc.o
                0x00000000080024e4                HAL_RCC_GetSysClockFreq
 .text.HAL_RCC_GetHCLKFreq
                0x0000000008002650       0x18 ./Drivers/STM32F7xx_HAL_Driver/Src/stm32f7xx_hal_rcc.o
                0x0000000008002650                HAL_RCC_GetHCLKFreq
 .text.HAL_RCC_GetPCLK1Freq
                0x0000000008002668       0x28 ./Drivers/STM32F7xx_HAL_Driver/Src/stm32f7xx_hal_rcc.o
                0x0000000008002668                HAL_RCC_GetPCLK1Freq
 .text.HAL_RCC_GetPCLK2Freq
                0x0000000008002690       0x28 ./Drivers/STM32F7xx_HAL_Driver/Src/stm32f7xx_hal_rcc.o
                0x0000000008002690                HAL_RCC_GetPCLK2Freq
 .text.HAL_RCCEx_PeriphCLKConfig
                0x00000000080026b8      0x850 ./Drivers/STM32F7xx_HAL_Driver/Src/stm32f7xx_hal_rcc_ex.o
                0x00000000080026b8                HAL_RCCEx_PeriphCLKConfig
 .text.HAL_SPI_Init
                0x0000000008002f08      0x156 ./Drivers/STM32F7xx_HAL_Driver/Src/stm32f7xx_hal_spi.o
                0x0000000008002f08                HAL_SPI_Init
 .text.HAL_SPI_Transmit
                0x000000000800305e      0x2dc ./Drivers/STM32F7xx_HAL_Driver/Src/stm32f7xx_hal_spi.o
                0x000000000800305e                HAL_SPI_Transmit
 .text.HAL_SPI_Receive
                0x000000000800333a      0x260 ./Drivers/STM32F7xx_HAL_Driver/Src/stm32f7xx_hal_spi.o
                0x000000000800333a                HAL_SPI_Receive
 .text.HAL_SPI_TransmitReceive
                0x000000000800359a      0x426 ./Drivers/STM32F7xx_HAL_Driver/Src/stm32f7xx_hal_spi.o
                0x000000000800359a                HAL_SPI_TransmitReceive
 .text.SPI_WaitFlagStateUntilTimeout
                0x00000000080039c0      0x110 ./Drivers/STM32F7xx_HAL_Driver/Src/stm32f7xx_hal_spi.o
 .text.SPI_WaitFifoStateUntilTimeout
                0x0000000008003ad0      0x124 ./Drivers/STM32F7xx_HAL_Driver/Src/stm32f7xx_hal_spi.o
 .text.SPI_EndRxTransaction
                0x0000000008003bf4       0xb0 ./Drivers/STM32F7xx_HAL_Driver/Src/stm32f7xx_hal_spi.o
 .text.SPI_EndRxTxTransaction
                0x0000000008003ca4       0x8c ./Drivers/STM32F7xx_HAL_Driver/Src/stm32f7xx_hal_spi.o
 .text.HAL_UART_Init
                0x0000000008003d30       0x9c ./Drivers/STM32F7xx_HAL_Driver/Src/stm32f7xx_hal_uart.o
                0x0000000008003d30                HAL_UART_Init
 .text.UART_SetConfig
                0x0000000008003dcc      0x4c4 ./Drivers/STM32F7xx_HAL_Driver/Src/stm32f7xx_hal_uart.o
                0x0000000008003dcc                UART_SetConfig
 .text.UART_AdvFeatureConfig
                0x0000000008004290      0x144 ./Drivers/STM32F7xx_HAL_Driver/Src/stm32f7xx_hal_uart.o
                0x0000000008004290                UART_AdvFeatureConfig
 .text.UART_CheckIdleState
                0x00000000080043d4       0x92 ./Drivers/STM32F7xx_HAL_Driver/Src/stm32f7xx_hal_uart.o
                0x00000000080043d4                UART_CheckIdleState
 .text.UART_WaitOnFlagUntilTimeout
                0x0000000008004466       0xf8 ./Drivers/STM32F7xx_HAL_Driver/Src/stm32f7xx_hal_uart.o
                0x0000000008004466                UART_WaitOnFlagUntilTimeout
 *fill*         0x000000000800455e        0x2 
 .text.GUI_X_Config
                0x0000000008004560       0x24 ./Drivers/STemWin/Config/GUIConf.o
                0x0000000008004560                GUI_X_Config
 .text.LcdWriteReg
                0x0000000008004584       0x34 ./Drivers/STemWin/Config/LCDConf.o
                0x0000000008004584                LcdWriteReg
 .text.LcdWriteData
                0x00000000080045b8       0x34 ./Drivers/STemWin/Config/LCDConf.o
                0x00000000080045b8                LcdWriteData
 .text.LcdWriteDataMultiple
                0x00000000080045ec       0x34 ./Drivers/STemWin/Config/LCDConf.o
                0x00000000080045ec                LcdWriteDataMultiple
 .text.LcdReadData
                0x0000000008004620       0x34 ./Drivers/STemWin/Config/LCDConf.o
                0x0000000008004620                LcdReadData
 .text.LcdReadDataMultiple
                0x0000000008004654       0x34 ./Drivers/STemWin/Config/LCDConf.o
                0x0000000008004654                LcdReadDataMultiple
 .text.LCD_X_Config
                0x0000000008004688       0xd4 ./Drivers/STemWin/Config/LCDConf.o
                0x0000000008004688                LCD_X_Config
 .text.LCD_X_DisplayDriver
                0x000000000800475c       0x2a ./Drivers/STemWin/Config/LCDConf.o
                0x000000000800475c                LCD_X_DisplayDriver
 *fill*         0x0000000008004786        0x2 
 .text.InitLCD_ILI9341
                0x0000000008004788      0x2ac ./Drivers/STemWin/Config/LCDConf.o
                0x0000000008004788                InitLCD_ILI9341
 .text.GUI_X_Init
                0x0000000008004a34        0xe ./Drivers/STemWin/OS/GUI_X.o
                0x0000000008004a34                GUI_X_Init
 *fill*         0x0000000008004a42        0x2 
 .text.LCD_Index2Color_565
                0x0000000008004a44       0x28 /media/mdundas/Data/Dropbox/ECET260-2021/workspace/meadowST7735/Drivers/STemWin/Lib/libSTemWin_CM7_wc32.a(GUICC_565.o)
                0x0000000008004a44                LCD_Index2Color_565
 .text._Color2Index_565
                0x0000000008004a6c       0x28 /media/mdundas/Data/Dropbox/ECET260-2021/workspace/meadowST7735/Drivers/STemWin/Lib/libSTemWin_CM7_wc32.a(GUICC_565.o)
 .text._GetIndexMask_565
                0x0000000008004a94        0x6 /media/mdundas/Data/Dropbox/ECET260-2021/workspace/meadowST7735/Drivers/STemWin/Lib/libSTemWin_CM7_wc32.a(GUICC_565.o)
 *fill*         0x0000000008004a9a        0x2 
 .text._Color2IndexBulk
                0x0000000008004a9c       0x3c /media/mdundas/Data/Dropbox/ECET260-2021/workspace/meadowST7735/Drivers/STemWin/Lib/libSTemWin_CM7_wc32.a(GUICC_565.o)
 .text._Index2ColorBulk
                0x0000000008004ad8       0x4c /media/mdundas/Data/Dropbox/ECET260-2021/workspace/meadowST7735/Drivers/STemWin/Lib/libSTemWin_CM7_wc32.a(GUICC_565.o)
 .text._PushFreeBlock
                0x0000000008004b24       0x24 /media/mdundas/Data/Dropbox/ECET260-2021/workspace/meadowST7735/Drivers/STemWin/Lib/libSTemWin_CM7_wc32.a(GUI_Alloc.o)
 .text._RemoveFreeBlock
                0x0000000008004b48       0x40 /media/mdundas/Data/Dropbox/ECET260-2021/workspace/meadowST7735/Drivers/STemWin/Lib/libSTemWin_CM7_wc32.a(GUI_Alloc.o)
 .text._AddFreeMemory
                0x0000000008004b88       0xa4 /media/mdundas/Data/Dropbox/ECET260-2021/workspace/meadowST7735/Drivers/STemWin/Lib/libSTemWin_CM7_wc32.a(GUI_Alloc.o)
 .text._RemoveHoles
                0x0000000008004c2c       0x98 /media/mdundas/Data/Dropbox/ECET260-2021/workspace/meadowST7735/Drivers/STemWin/Lib/libSTemWin_CM7_wc32.a(GUI_Alloc.o)
 .text.GUI_ALLOC_FreeFixedBlock
                0x0000000008004cc4       0x14 /media/mdundas/Data/Dropbox/ECET260-2021/workspace/meadowST7735/Drivers/STemWin/Lib/libSTemWin_CM7_wc32.a(GUI_Alloc.o)
                0x0000000008004cc4                GUI_ALLOC_FreeFixedBlock
 .text.GUI_ALLOC_h2p
                0x0000000008004cd8       0x14 /media/mdundas/Data/Dropbox/ECET260-2021/workspace/meadowST7735/Drivers/STemWin/Lib/libSTemWin_CM7_wc32.a(GUI_Alloc.o)
                0x0000000008004cd8                GUI_ALLOC_h2p
 .text.GUI_ALLOC_LockH
                0x0000000008004cec       0x1c /media/mdundas/Data/Dropbox/ECET260-2021/workspace/meadowST7735/Drivers/STemWin/Lib/libSTemWin_CM7_wc32.a(GUI_Alloc.o)
                0x0000000008004cec                GUI_ALLOC_LockH
 .text.GUI_ALLOC_UnlockH
                0x0000000008004d08       0x30 /media/mdundas/Data/Dropbox/ECET260-2021/workspace/meadowST7735/Drivers/STemWin/Lib/libSTemWin_CM7_wc32.a(GUI_Alloc.o)
                0x0000000008004d08                GUI_ALLOC_UnlockH
 .text.GUI_ALLOC_AssignMemory
                0x0000000008004d38       0x10 /media/mdundas/Data/Dropbox/ECET260-2021/workspace/meadowST7735/Drivers/STemWin/Lib/libSTemWin_CM7_wc32.a(GUI_Alloc.o)
                0x0000000008004d38                GUI_ALLOC_AssignMemory
 .text.GUI_ALLOC_Free
                0x0000000008004d48       0x28 /media/mdundas/Data/Dropbox/ECET260-2021/workspace/meadowST7735/Drivers/STemWin/Lib/libSTemWin_CM7_wc32.a(GUI_Alloc.o)
                0x0000000008004d48                GUI_ALLOC_Free
 .text._EnlargeBlocks
                0x0000000008004d70       0x9c /media/mdundas/Data/Dropbox/ECET260-2021/workspace/meadowST7735/Drivers/STemWin/Lib/libSTemWin_CM7_wc32.a(GUI_Alloc.o)
 .text._InitOnce
                0x0000000008004e0c       0x68 /media/mdundas/Data/Dropbox/ECET260-2021/workspace/meadowST7735/Drivers/STemWin/Lib/libSTemWin_CM7_wc32.a(GUI_Alloc.o)
 .text.GUI_ALLOC_GetFixedBlock
                0x0000000008004e74       0xa4 /media/mdundas/Data/Dropbox/ECET260-2021/workspace/meadowST7735/Drivers/STemWin/Lib/libSTemWin_CM7_wc32.a(GUI_Alloc.o)
                0x0000000008004e74                GUI_ALLOC_GetFixedBlock
 .text.GUI_ALLOC_GetMaxSize
                0x0000000008004f18       0x3c /media/mdundas/Data/Dropbox/ECET260-2021/workspace/meadowST7735/Drivers/STemWin/Lib/libSTemWin_CM7_wc32.a(GUI_Alloc.o)
                0x0000000008004f18                GUI_ALLOC_GetMaxSize
 .text.GUI_ALLOC_RequestSize
                0x0000000008004f54       0x28 /media/mdundas/Data/Dropbox/ECET260-2021/workspace/meadowST7735/Drivers/STemWin/Lib/libSTemWin_CM7_wc32.a(GUI_Alloc.o)
                0x0000000008004f54                GUI_ALLOC_RequestSize
 .text._Alloc   0x0000000008004f7c       0xf0 /media/mdundas/Data/Dropbox/ECET260-2021/workspace/meadowST7735/Drivers/STemWin/Lib/libSTemWin_CM7_wc32.a(GUI_Alloc.o)
 .text.GUI_ALLOC_AllocNoInit
                0x000000000800506c        0x8 /media/mdundas/Data/Dropbox/ECET260-2021/workspace/meadowST7735/Drivers/STemWin/Lib/libSTemWin_CM7_wc32.a(GUI_Alloc.o)
                0x000000000800506c                GUI_ALLOC_AllocNoInit
 .text.GUI_ALLOC_AllocZero
                0x0000000008005074       0x30 /media/mdundas/Data/Dropbox/ECET260-2021/workspace/meadowST7735/Drivers/STemWin/Lib/libSTemWin_CM7_wc32.a(GUI_Alloc.o)
                0x0000000008005074                GUI_ALLOC_AllocZero
 .text.GUI_CalcColorDist
                0x00000000080050a4       0x4e /media/mdundas/Data/Dropbox/ECET260-2021/workspace/meadowST7735/Drivers/STemWin/Lib/libSTemWin_CM7_wc32.a(GUI_Common.o)
                0x00000000080050a4                GUI_CalcColorDist
 .text.GUI_GetBkColor
                0x00000000080050f2        0xe /media/mdundas/Data/Dropbox/ECET260-2021/workspace/meadowST7735/Drivers/STemWin/Lib/libSTemWin_CM7_wc32.a(GUI_Common.o)
                0x00000000080050f2                GUI_GetBkColor
 .text.GUI_GetColor
                0x0000000008005100        0xe /media/mdundas/Data/Dropbox/ECET260-2021/workspace/meadowST7735/Drivers/STemWin/Lib/libSTemWin_CM7_wc32.a(GUI_Common.o)
                0x0000000008005100                GUI_GetColor
 *fill*         0x000000000800510e        0x2 
 .text.GUI_GetOrg
                0x0000000008005110       0x1c /media/mdundas/Data/Dropbox/ECET260-2021/workspace/meadowST7735/Drivers/STemWin/Lib/libSTemWin_CM7_wc32.a(GUI_Common.o)
                0x0000000008005110                GUI_GetOrg
 .text.GUI_GetVersionString
                0x000000000800512c       0x18 /media/mdundas/Data/Dropbox/ECET260-2021/workspace/meadowST7735/Drivers/STemWin/Lib/libSTemWin_CM7_wc32.a(GUI_Common.o)
                0x000000000800512c                GUI_GetVersionString
 .text.GUI_MergeRect
                0x0000000008005144       0x56 /media/mdundas/Data/Dropbox/ECET260-2021/workspace/meadowST7735/Drivers/STemWin/Lib/libSTemWin_CM7_wc32.a(GUI_Common.o)
                0x0000000008005144                GUI_MergeRect
 .text.GUI_MoveRect
                0x000000000800519a       0x20 /media/mdundas/Data/Dropbox/ECET260-2021/workspace/meadowST7735/Drivers/STemWin/Lib/libSTemWin_CM7_wc32.a(GUI_Common.o)
                0x000000000800519a                GUI_MoveRect
 *fill*         0x00000000080051ba        0x2 
 .text.GUI_Exec1
                0x00000000080051bc       0x40 /media/mdundas/Data/Dropbox/ECET260-2021/workspace/meadowST7735/Drivers/STemWin/Lib/libSTemWin_CM7_wc32.a(GUI_Common.o)
                0x00000000080051bc                GUI_Exec1
 .text.GUI_Exec
                0x00000000080051fc       0x12 /media/mdundas/Data/Dropbox/ECET260-2021/workspace/meadowST7735/Drivers/STemWin/Lib/libSTemWin_CM7_wc32.a(GUI_Common.o)
                0x00000000080051fc                GUI_Exec
 *fill*         0x000000000800520e        0x2 
 .text.GUI_GotoXY
                0x0000000008005210       0x10 /media/mdundas/Data/Dropbox/ECET260-2021/workspace/meadowST7735/Drivers/STemWin/Lib/libSTemWin_CM7_wc32.a(GUI_Common.o)
                0x0000000008005210                GUI_GotoXY
 .text.GUI_SetPenSize
                0x0000000008005220       0x10 /media/mdundas/Data/Dropbox/ECET260-2021/workspace/meadowST7735/Drivers/STemWin/Lib/libSTemWin_CM7_wc32.a(GUI_Common.o)
                0x0000000008005220                GUI_SetPenSize
 .text.GUI_RectsIntersect
                0x0000000008005230       0x3a /media/mdundas/Data/Dropbox/ECET260-2021/workspace/meadowST7735/Drivers/STemWin/Lib/libSTemWin_CM7_wc32.a(GUI_Common.o)
                0x0000000008005230                GUI_RectsIntersect
 *fill*         0x000000000800526a        0x2 
 .text.GUI_SaveContext_W
                0x000000000800526c       0x14 /media/mdundas/Data/Dropbox/ECET260-2021/workspace/meadowST7735/Drivers/STemWin/Lib/libSTemWin_CM7_wc32.a(GUI_Common.o)
                0x000000000800526c                GUI_SaveContext_W
 .text.GUI_RestoreContext
                0x0000000008005280       0x14 /media/mdundas/Data/Dropbox/ECET260-2021/workspace/meadowST7735/Drivers/STemWin/Lib/libSTemWin_CM7_wc32.a(GUI_Common.o)
                0x0000000008005280                GUI_RestoreContext
 .text.GUI_SelectLCD
                0x0000000008005294       0x12 /media/mdundas/Data/Dropbox/ECET260-2021/workspace/meadowST7735/Drivers/STemWin/Lib/libSTemWin_CM7_wc32.a(GUI_Common.o)
                0x0000000008005294                GUI_SelectLCD
 .text.GUI_SetBkColor
                0x00000000080052a6        0x4 /media/mdundas/Data/Dropbox/ECET260-2021/workspace/meadowST7735/Drivers/STemWin/Lib/libSTemWin_CM7_wc32.a(GUI_Common.o)
                0x00000000080052a6                GUI_SetBkColor
 .text.GUI_SetColor
                0x00000000080052aa        0x4 /media/mdundas/Data/Dropbox/ECET260-2021/workspace/meadowST7735/Drivers/STemWin/Lib/libSTemWin_CM7_wc32.a(GUI_Common.o)
                0x00000000080052aa                GUI_SetColor
 .text.GUI_SetDrawMode
                0x00000000080052ae        0x4 /media/mdundas/Data/Dropbox/ECET260-2021/workspace/meadowST7735/Drivers/STemWin/Lib/libSTemWin_CM7_wc32.a(GUI_Common.o)
                0x00000000080052ae                GUI_SetDrawMode
 *fill*         0x00000000080052b2        0x2 
 .text.GUI_SetFont
                0x00000000080052b4       0x14 /media/mdundas/Data/Dropbox/ECET260-2021/workspace/meadowST7735/Drivers/STemWin/Lib/libSTemWin_CM7_wc32.a(GUI_Common.o)
                0x00000000080052b4                GUI_SetFont
 .text.GUI_SetLineStyle
                0x00000000080052c8       0x10 /media/mdundas/Data/Dropbox/ECET260-2021/workspace/meadowST7735/Drivers/STemWin/Lib/libSTemWin_CM7_wc32.a(GUI_Common.o)
                0x00000000080052c8                GUI_SetLineStyle
 .text.GUI_SetOrg
                0x00000000080052d8       0x38 /media/mdundas/Data/Dropbox/ECET260-2021/workspace/meadowST7735/Drivers/STemWin/Lib/libSTemWin_CM7_wc32.a(GUI_Common.o)
                0x00000000080052d8                GUI_SetOrg
 .text.GUI_SetTextAlign
                0x0000000008005310       0x14 /media/mdundas/Data/Dropbox/ECET260-2021/workspace/meadowST7735/Drivers/STemWin/Lib/libSTemWin_CM7_wc32.a(GUI_Common.o)
                0x0000000008005310                GUI_SetTextAlign
 .text.GUI_SetTextMode
                0x0000000008005324       0x14 /media/mdundas/Data/Dropbox/ECET260-2021/workspace/meadowST7735/Drivers/STemWin/Lib/libSTemWin_CM7_wc32.a(GUI_Common.o)
                0x0000000008005324                GUI_SetTextMode
 .text.GL_SetDefault
                0x0000000008005338       0x48 /media/mdundas/Data/Dropbox/ECET260-2021/workspace/meadowST7735/Drivers/STemWin/Lib/libSTemWin_CM7_wc32.a(GUI_Common.o)
                0x0000000008005338                GL_SetDefault
 .text._InitContext
                0x0000000008005380       0x84 /media/mdundas/Data/Dropbox/ECET260-2021/workspace/meadowST7735/Drivers/STemWin/Lib/libSTemWin_CM7_wc32.a(GUI_Core.o)
 .text._OnExit  0x0000000008005404       0x48 /media/mdundas/Data/Dropbox/ECET260-2021/workspace/meadowST7735/Drivers/STemWin/Lib/libSTemWin_CM7_wc32.a(GUI_Core.o)
 .text.GUI_SetDefaultFont
                0x000000000800544c        0xc /media/mdundas/Data/Dropbox/ECET260-2021/workspace/meadowST7735/Drivers/STemWin/Lib/libSTemWin_CM7_wc32.a(GUI_Core.o)
                0x000000000800544c                GUI_SetDefaultFont
 .text.GUI_ClearRect
                0x0000000008005458       0x64 /media/mdundas/Data/Dropbox/ECET260-2021/workspace/meadowST7735/Drivers/STemWin/Lib/libSTemWin_CM7_wc32.a(GUI_Core.o)
                0x0000000008005458                GUI_ClearRect
 .text.GUI_Clear
                0x00000000080054bc       0x20 /media/mdundas/Data/Dropbox/ECET260-2021/workspace/meadowST7735/Drivers/STemWin/Lib/libSTemWin_CM7_wc32.a(GUI_Core.o)
                0x00000000080054bc                GUI_Clear
 .text.GUI__Config
                0x00000000080054dc       0x98 /media/mdundas/Data/Dropbox/ECET260-2021/workspace/meadowST7735/Drivers/STemWin/Lib/libSTemWin_CM7_wc32.a(GUI_Core.o)
                0x00000000080054dc                GUI__Config
 .text.GUI_Init
                0x0000000008005574      0x188 /media/mdundas/Data/Dropbox/ECET260-2021/workspace/meadowST7735/Drivers/STemWin/Lib/libSTemWin_CM7_wc32.a(GUI_Core.o)
                0x0000000008005574                GUI_Init
 .text.GUI__RegisterExit
                0x00000000080056fc       0x28 /media/mdundas/Data/Dropbox/ECET260-2021/workspace/meadowST7735/Drivers/STemWin/Lib/libSTemWin_CM7_wc32.a(GUI_Core.o)
                0x00000000080056fc                GUI__RegisterExit
 .text.GUI_DEVICE__GetpDriver
                0x0000000008005724       0x20 /media/mdundas/Data/Dropbox/ECET260-2021/workspace/meadowST7735/Drivers/STemWin/Lib/libSTemWin_CM7_wc32.a(GUI_Device.o)
                0x0000000008005724                GUI_DEVICE__GetpDriver
 .text.GUI_DEVICE_Delete
                0x0000000008005744        0x4 /media/mdundas/Data/Dropbox/ECET260-2021/workspace/meadowST7735/Drivers/STemWin/Lib/libSTemWin_CM7_wc32.a(GUI_Device.o)
                0x0000000008005744                GUI_DEVICE_Delete
 .text.GUI_DEVICE_Create
                0x0000000008005748       0x4c /media/mdundas/Data/Dropbox/ECET260-2021/workspace/meadowST7735/Drivers/STemWin/Lib/libSTemWin_CM7_wc32.a(GUI_Device.o)
                0x0000000008005748                GUI_DEVICE_Create
 .text.GUI_DEVICE_Unlink
                0x0000000008005794       0x30 /media/mdundas/Data/Dropbox/ECET260-2021/workspace/meadowST7735/Drivers/STemWin/Lib/libSTemWin_CM7_wc32.a(GUI_Device.o)
                0x0000000008005794                GUI_DEVICE_Unlink
 .text.GUI_DEVICE_Link
                0x00000000080057c4       0x84 /media/mdundas/Data/Dropbox/ECET260-2021/workspace/meadowST7735/Drivers/STemWin/Lib/libSTemWin_CM7_wc32.a(GUI_Device.o)
                0x00000000080057c4                GUI_DEVICE_Link
 .text.GUI_DEVICE_CreateAndLink
                0x0000000008005848       0x28 /media/mdundas/Data/Dropbox/ECET260-2021/workspace/meadowST7735/Drivers/STemWin/Lib/libSTemWin_CM7_wc32.a(GUI_Device.o)
                0x0000000008005848                GUI_DEVICE_CreateAndLink
 .text.GUI_DispString
                0x0000000008005870      0x118 /media/mdundas/Data/Dropbox/ECET260-2021/workspace/meadowST7735/Drivers/STemWin/Lib/libSTemWin_CM7_wc32.a(GUI_DispString.o)
                0x0000000008005870                GUI_DispString
 .text.GUI_DispStringAt
                0x0000000008005988       0x10 /media/mdundas/Data/Dropbox/ECET260-2021/workspace/meadowST7735/Drivers/STemWin/Lib/libSTemWin_CM7_wc32.a(GUI_DispString.o)
                0x0000000008005988                GUI_DispStringAt
 .text.GUI_DispStringHCenterAt
                0x0000000008005998       0x34 /media/mdundas/Data/Dropbox/ECET260-2021/workspace/meadowST7735/Drivers/STemWin/Lib/libSTemWin_CM7_wc32.a(GUI_DispString.o)
                0x0000000008005998                GUI_DispStringHCenterAt
 .text.GUI_StoreKey
                0x00000000080059cc       0x10 /media/mdundas/Data/Dropbox/ECET260-2021/workspace/meadowST7735/Drivers/STemWin/Lib/libSTemWin_CM7_wc32.a(GUI_OnKey.o)
                0x00000000080059cc                GUI_StoreKey
 .text.GUI_PollKeyMsg
                0x00000000080059dc       0x30 /media/mdundas/Data/Dropbox/ECET260-2021/workspace/meadowST7735/Drivers/STemWin/Lib/libSTemWin_CM7_wc32.a(GUI_OnKey.o)
                0x00000000080059dc                GUI_PollKeyMsg
 .text.GUI_UC__GetCharCodeInc
                0x0000000008005a0c       0x28 /media/mdundas/Data/Dropbox/ECET260-2021/workspace/meadowST7735/Drivers/STemWin/Lib/libSTemWin_CM7_wc32.a(GUI_UC.o)
                0x0000000008005a0c                GUI_UC__GetCharCodeInc
 .text.GUI_UC__NumChars2NumBytes
                0x0000000008005a34       0x24 /media/mdundas/Data/Dropbox/ECET260-2021/workspace/meadowST7735/Drivers/STemWin/Lib/libSTemWin_CM7_wc32.a(GUI_UC.o)
                0x0000000008005a34                GUI_UC__NumChars2NumBytes
 .text._GetCharCode
                0x0000000008005a58        0x4 /media/mdundas/Data/Dropbox/ECET260-2021/workspace/meadowST7735/Drivers/STemWin/Lib/libSTemWin_CM7_wc32.a(GUI_UC_EncodeNone.o)
 .text._GetCharSize
                0x0000000008005a5c        0x4 /media/mdundas/Data/Dropbox/ECET260-2021/workspace/meadowST7735/Drivers/STemWin/Lib/libSTemWin_CM7_wc32.a(GUI_UC_EncodeNone.o)
 .text._CalcSizeOfChar
                0x0000000008005a60        0x4 /media/mdundas/Data/Dropbox/ECET260-2021/workspace/meadowST7735/Drivers/STemWin/Lib/libSTemWin_CM7_wc32.a(GUI_UC_EncodeNone.o)
 .text._Encode  0x0000000008005a64        0x6 /media/mdundas/Data/Dropbox/ECET260-2021/workspace/meadowST7735/Drivers/STemWin/Lib/libSTemWin_CM7_wc32.a(GUI_UC_EncodeNone.o)
 *fill*         0x0000000008005a6a        0x2 
 .text.GUI_SignalEvent
                0x0000000008005a6c       0x10 /media/mdundas/Data/Dropbox/ECET260-2021/workspace/meadowST7735/Drivers/STemWin/Lib/libSTemWin_CM7_wc32.a(GUI_WaitEvent.o)
                0x0000000008005a6c                GUI_SignalEvent
 .text.GUI__IntersectRect
                0x0000000008005a7c       0x3a /media/mdundas/Data/Dropbox/ECET260-2021/workspace/meadowST7735/Drivers/STemWin/Lib/libSTemWin_CM7_wc32.a(GUI__Private.o)
                0x0000000008005a7c                GUI__IntersectRect
 .text.GUI__IntersectRects
                0x0000000008005ab6       0x56 /media/mdundas/Data/Dropbox/ECET260-2021/workspace/meadowST7735/Drivers/STemWin/Lib/libSTemWin_CM7_wc32.a(GUI__Private.o)
                0x0000000008005ab6                GUI__IntersectRects
 .text.GUI__memset16
                0x0000000008005b0c       0x62 /media/mdundas/Data/Dropbox/ECET260-2021/workspace/meadowST7735/Drivers/STemWin/Lib/libSTemWin_CM7_wc32.a(GUI__Private.o)
                0x0000000008005b0c                GUI__memset16
 *fill*         0x0000000008005b6e        0x2 
 .text._SetDrawMode
                0x0000000008005b70       0x28 /media/mdundas/Data/Dropbox/ECET260-2021/workspace/meadowST7735/Drivers/STemWin/Lib/libSTemWin_CM7_wc32.a(LCD.o)
 .text.LCD_SetDrawMode
                0x0000000008005b98        0xc /media/mdundas/Data/Dropbox/ECET260-2021/workspace/meadowST7735/Drivers/STemWin/Lib/libSTemWin_CM7_wc32.a(LCD.o)
                0x0000000008005b98                LCD_SetDrawMode
 .text.LCD_DrawPixel
                0x0000000008005ba4       0x60 /media/mdundas/Data/Dropbox/ECET260-2021/workspace/meadowST7735/Drivers/STemWin/Lib/libSTemWin_CM7_wc32.a(LCD.o)
                0x0000000008005ba4                LCD_DrawPixel
 .text.LCD_DrawHLine
                0x0000000008005c04       0x50 /media/mdundas/Data/Dropbox/ECET260-2021/workspace/meadowST7735/Drivers/STemWin/Lib/libSTemWin_CM7_wc32.a(LCD.o)
                0x0000000008005c04                LCD_DrawHLine
 .text.LCD_FillRect
                0x0000000008005c54       0x58 /media/mdundas/Data/Dropbox/ECET260-2021/workspace/meadowST7735/Drivers/STemWin/Lib/libSTemWin_CM7_wc32.a(LCD.o)
                0x0000000008005c54                LCD_FillRect
 .text.LCD__DrawBitmap_1bpp
                0x0000000008005cac      0x1d8 /media/mdundas/Data/Dropbox/ECET260-2021/workspace/meadowST7735/Drivers/STemWin/Lib/libSTemWin_CM7_wc32.a(LCD.o)
                0x0000000008005cac                LCD__DrawBitmap_1bpp
 .text.LCD_DrawBitmap
                0x0000000008005e84      0x224 /media/mdundas/Data/Dropbox/ECET260-2021/workspace/meadowST7735/Drivers/STemWin/Lib/libSTemWin_CM7_wc32.a(LCD.o)
                0x0000000008005e84                LCD_DrawBitmap
 .text.LCD_SetClipRectMax
                0x00000000080060a8       0x1c /media/mdundas/Data/Dropbox/ECET260-2021/workspace/meadowST7735/Drivers/STemWin/Lib/libSTemWin_CM7_wc32.a(LCD.o)
                0x00000000080060a8                LCD_SetClipRectMax
 .text.emWin_LCD_Init
                0x00000000080060c4       0xa4 /media/mdundas/Data/Dropbox/ECET260-2021/workspace/meadowST7735/Drivers/STemWin/Lib/libSTemWin_CM7_wc32.a(LCD.o)
                0x00000000080060c4                emWin_LCD_Init
 .text.LCD_Color2Index
                0x0000000008006168       0x1c /media/mdundas/Data/Dropbox/ECET260-2021/workspace/meadowST7735/Drivers/STemWin/Lib/libSTemWin_CM7_wc32.a(LCD.o)
                0x0000000008006168                LCD_Color2Index
 .text.LCD_Index2Color
                0x0000000008006184       0x1c /media/mdundas/Data/Dropbox/ECET260-2021/workspace/meadowST7735/Drivers/STemWin/Lib/libSTemWin_CM7_wc32.a(LCD.o)
                0x0000000008006184                LCD_Index2Color
 .text.LCD_SetColorIndex
                0x00000000080061a0       0x18 /media/mdundas/Data/Dropbox/ECET260-2021/workspace/meadowST7735/Drivers/STemWin/Lib/libSTemWin_CM7_wc32.a(LCD.o)
                0x00000000080061a0                LCD_SetColorIndex
 .text._SetColor
                0x00000000080061b8       0x20 /media/mdundas/Data/Dropbox/ECET260-2021/workspace/meadowST7735/Drivers/STemWin/Lib/libSTemWin_CM7_wc32.a(LCD.o)
 .text.LCD_SetBkColorIndex
                0x00000000080061d8       0x18 /media/mdundas/Data/Dropbox/ECET260-2021/workspace/meadowST7735/Drivers/STemWin/Lib/libSTemWin_CM7_wc32.a(LCD.o)
                0x00000000080061d8                LCD_SetBkColorIndex
 .text._SetBkColor
                0x00000000080061f0       0x20 /media/mdundas/Data/Dropbox/ECET260-2021/workspace/meadowST7735/Drivers/STemWin/Lib/libSTemWin_CM7_wc32.a(LCD.o)
 .text.LCD_SetBkColor
                0x0000000008006210        0xc /media/mdundas/Data/Dropbox/ECET260-2021/workspace/meadowST7735/Drivers/STemWin/Lib/libSTemWin_CM7_wc32.a(LCD.o)
                0x0000000008006210                LCD_SetBkColor
 .text.LCD_SetColor
                0x000000000800621c        0xc /media/mdundas/Data/Dropbox/ECET260-2021/workspace/meadowST7735/Drivers/STemWin/Lib/libSTemWin_CM7_wc32.a(LCD.o)
                0x000000000800621c                LCD_SetColor
 .text._OnExit  0x0000000008006228       0x1c /media/mdundas/Data/Dropbox/ECET260-2021/workspace/meadowST7735/Drivers/STemWin/Lib/libSTemWin_CM7_wc32.a(LCD_Color.o)
 .text.LCD_InitColors
                0x0000000008006244       0x3c /media/mdundas/Data/Dropbox/ECET260-2021/workspace/meadowST7735/Drivers/STemWin/Lib/libSTemWin_CM7_wc32.a(LCD_Color.o)
                0x0000000008006244                LCD_InitColors
 .text.LCD_GetpPalConvTableUncached
                0x0000000008006280       0x6c /media/mdundas/Data/Dropbox/ECET260-2021/workspace/meadowST7735/Drivers/STemWin/Lib/libSTemWin_CM7_wc32.a(LCD_Color.o)
                0x0000000008006280                LCD_GetpPalConvTableUncached
 .text.LCD_GetpPalConvTableBM
                0x00000000080062ec        0x4 /media/mdundas/Data/Dropbox/ECET260-2021/workspace/meadowST7735/Drivers/STemWin/Lib/libSTemWin_CM7_wc32.a(LCD_Color.o)
                0x00000000080062ec                LCD_GetpPalConvTableBM
 .text.LCD_InitLUT
                0x00000000080062f0       0x88 /media/mdundas/Data/Dropbox/ECET260-2021/workspace/meadowST7735/Drivers/STemWin/Lib/libSTemWin_CM7_wc32.a(LCD_Color.o)
                0x00000000080062f0                LCD_InitLUT
 .text.LCD_GetBkColorIndex
                0x0000000008006378       0x10 /media/mdundas/Data/Dropbox/ECET260-2021/workspace/meadowST7735/Drivers/STemWin/Lib/libSTemWin_CM7_wc32.a(LCD_GetColorIndex.o)
                0x0000000008006378                LCD_GetBkColorIndex
 .text.LCD_GetColorIndex
                0x0000000008006388       0x10 /media/mdundas/Data/Dropbox/ECET260-2021/workspace/meadowST7735/Drivers/STemWin/Lib/libSTemWin_CM7_wc32.a(LCD_GetColorIndex.o)
                0x0000000008006388                LCD_GetColorIndex
 .text._GetDevProp
                0x0000000008006398       0x1e /media/mdundas/Data/Dropbox/ECET260-2021/workspace/meadowST7735/Drivers/STemWin/Lib/libSTemWin_CM7_wc32.a(LCD_GetEx.o)
 .text._GetMaxValue
                0x00000000080063b6       0x22 /media/mdundas/Data/Dropbox/ECET260-2021/workspace/meadowST7735/Drivers/STemWin/Lib/libSTemWin_CM7_wc32.a(LCD_GetEx.o)
 .text.LCD_GetXSizeEx
                0x00000000080063d8        0x6 /media/mdundas/Data/Dropbox/ECET260-2021/workspace/meadowST7735/Drivers/STemWin/Lib/libSTemWin_CM7_wc32.a(LCD_GetEx.o)
                0x00000000080063d8                LCD_GetXSizeEx
 .text.LCD_GetYSizeEx
                0x00000000080063de        0x6 /media/mdundas/Data/Dropbox/ECET260-2021/workspace/meadowST7735/Drivers/STemWin/Lib/libSTemWin_CM7_wc32.a(LCD_GetEx.o)
                0x00000000080063de                LCD_GetYSizeEx
 .text.LCD_GetVXSizeEx
                0x00000000080063e4        0x6 /media/mdundas/Data/Dropbox/ECET260-2021/workspace/meadowST7735/Drivers/STemWin/Lib/libSTemWin_CM7_wc32.a(LCD_GetEx.o)
                0x00000000080063e4                LCD_GetVXSizeEx
 .text.LCD_GetVYSizeEx
                0x00000000080063ea        0x6 /media/mdundas/Data/Dropbox/ECET260-2021/workspace/meadowST7735/Drivers/STemWin/Lib/libSTemWin_CM7_wc32.a(LCD_GetEx.o)
                0x00000000080063ea                LCD_GetVYSizeEx
 .text.LCD_GetBitsPerPixelEx
                0x00000000080063f0        0x6 /media/mdundas/Data/Dropbox/ECET260-2021/workspace/meadowST7735/Drivers/STemWin/Lib/libSTemWin_CM7_wc32.a(LCD_GetEx.o)
                0x00000000080063f0                LCD_GetBitsPerPixelEx
 .text.LCD_GetNumColorsEx
                0x00000000080063f6        0x6 /media/mdundas/Data/Dropbox/ECET260-2021/workspace/meadowST7735/Drivers/STemWin/Lib/libSTemWin_CM7_wc32.a(LCD_GetEx.o)
                0x00000000080063f6                LCD_GetNumColorsEx
 .text.LCD_GetSwapXYEx
                0x00000000080063fc        0x6 /media/mdundas/Data/Dropbox/ECET260-2021/workspace/meadowST7735/Drivers/STemWin/Lib/libSTemWin_CM7_wc32.a(LCD_GetEx.o)
                0x00000000080063fc                LCD_GetSwapXYEx
 *fill*         0x0000000008006402        0x2 
 .text.LCD_GetXSize
                0x0000000008006404       0x10 /media/mdundas/Data/Dropbox/ECET260-2021/workspace/meadowST7735/Drivers/STemWin/Lib/libSTemWin_CM7_wc32.a(LCD_GetEx.o)
                0x0000000008006404                LCD_GetXSize
 .text.LCD_GetYSize
                0x0000000008006414       0x10 /media/mdundas/Data/Dropbox/ECET260-2021/workspace/meadowST7735/Drivers/STemWin/Lib/libSTemWin_CM7_wc32.a(LCD_GetEx.o)
                0x0000000008006414                LCD_GetYSize
 .text.LCD_GetNumColors
                0x0000000008006424       0x10 /media/mdundas/Data/Dropbox/ECET260-2021/workspace/meadowST7735/Drivers/STemWin/Lib/libSTemWin_CM7_wc32.a(LCD_GetEx.o)
                0x0000000008006424                LCD_GetNumColors
 .text.LCD_GetSwapXY
                0x0000000008006434       0x10 /media/mdundas/Data/Dropbox/ECET260-2021/workspace/meadowST7735/Drivers/STemWin/Lib/libSTemWin_CM7_wc32.a(LCD_GetEx.o)
                0x0000000008006434                LCD_GetSwapXY
 .text.GUI_GetBitsPerPixelEx
                0x0000000008006444       0x14 /media/mdundas/Data/Dropbox/ECET260-2021/workspace/meadowST7735/Drivers/STemWin/Lib/libSTemWin_CM7_wc32.a(LCD_GetEx.o)
                0x0000000008006444                GUI_GetBitsPerPixelEx
 .text.LCD_GetPaletteEx
                0x0000000008006458       0x16 /media/mdundas/Data/Dropbox/ECET260-2021/workspace/meadowST7735/Drivers/STemWin/Lib/libSTemWin_CM7_wc32.a(LCD_GetEx.o)
                0x0000000008006458                LCD_GetPaletteEx
 *fill*         0x000000000800646e        0x2 
 .text.LCD_GetPalette
                0x0000000008006470       0x10 /media/mdundas/Data/Dropbox/ECET260-2021/workspace/meadowST7735/Drivers/STemWin/Lib/libSTemWin_CM7_wc32.a(LCD_GetEx.o)
                0x0000000008006470                LCD_GetPalette
 .text.GUI_GetpfIndex2ColorEx
                0x0000000008006480       0x10 /media/mdundas/Data/Dropbox/ECET260-2021/workspace/meadowST7735/Drivers/STemWin/Lib/libSTemWin_CM7_wc32.a(LCD_GetEx.o)
                0x0000000008006480                GUI_GetpfIndex2ColorEx
 .text.GUI_GetpfColor2IndexEx
                0x0000000008006490       0x10 /media/mdundas/Data/Dropbox/ECET260-2021/workspace/meadowST7735/Drivers/STemWin/Lib/libSTemWin_CM7_wc32.a(LCD_GetEx.o)
                0x0000000008006490                GUI_GetpfColor2IndexEx
 .text.LCD_GetXSizeMax
                0x00000000080064a0        0x6 /media/mdundas/Data/Dropbox/ECET260-2021/workspace/meadowST7735/Drivers/STemWin/Lib/libSTemWin_CM7_wc32.a(LCD_GetEx.o)
                0x00000000080064a0                LCD_GetXSizeMax
 .text.LCD_GetYSizeMax
                0x00000000080064a6        0x6 /media/mdundas/Data/Dropbox/ECET260-2021/workspace/meadowST7735/Drivers/STemWin/Lib/libSTemWin_CM7_wc32.a(LCD_GetEx.o)
                0x00000000080064a6                LCD_GetYSizeMax
 .text.LCD_GetVXSizeMax
                0x00000000080064ac        0x6 /media/mdundas/Data/Dropbox/ECET260-2021/workspace/meadowST7735/Drivers/STemWin/Lib/libSTemWin_CM7_wc32.a(LCD_GetEx.o)
                0x00000000080064ac                LCD_GetVXSizeMax
 *fill*         0x00000000080064b2        0x2 
 .text.LCD_SetDisplaySize
                0x00000000080064b4        0xc /media/mdundas/Data/Dropbox/ECET260-2021/workspace/meadowST7735/Drivers/STemWin/Lib/libSTemWin_CM7_wc32.a(LCD_GetEx.o)
                0x00000000080064b4                LCD_SetDisplaySize
 .text.LCD_GetXSizeDisplay
                0x00000000080064c0        0xc /media/mdundas/Data/Dropbox/ECET260-2021/workspace/meadowST7735/Drivers/STemWin/Lib/libSTemWin_CM7_wc32.a(LCD_GetEx.o)
                0x00000000080064c0                LCD_GetXSizeDisplay
 .text.LCD_GetYSizeDisplay
                0x00000000080064cc        0xc /media/mdundas/Data/Dropbox/ECET260-2021/workspace/meadowST7735/Drivers/STemWin/Lib/libSTemWin_CM7_wc32.a(LCD_GetEx.o)
                0x00000000080064cc                LCD_GetYSizeDisplay
 .text.LCD__GetBPP
                0x00000000080064d8       0x7e /media/mdundas/Data/Dropbox/ECET260-2021/workspace/meadowST7735/Drivers/STemWin/Lib/libSTemWin_CM7_wc32.a(LCD_GetEx.o)
                0x00000000080064d8                LCD__GetBPP
 .text.LCD__GetBPPDevice
                0x0000000008006556       0x2c /media/mdundas/Data/Dropbox/ECET260-2021/workspace/meadowST7735/Drivers/STemWin/Lib/libSTemWin_CM7_wc32.a(LCD_GetEx.o)
                0x0000000008006556                LCD__GetBPPDevice
 .text.LCD_GetNumLayers
                0x0000000008006582       0x1e /media/mdundas/Data/Dropbox/ECET260-2021/workspace/meadowST7735/Drivers/STemWin/Lib/libSTemWin_CM7_wc32.a(LCD_GetNumDisplays.o)
                0x0000000008006582                LCD_GetNumLayers
 .text.LCD_SelectLCD
                0x00000000080065a0       0x40 /media/mdundas/Data/Dropbox/ECET260-2021/workspace/meadowST7735/Drivers/STemWin/Lib/libSTemWin_CM7_wc32.a(LCD_SelectLCD.o)
                0x00000000080065a0                LCD_SelectLCD
 .text.LCD_SetLUTEntryEx
                0x00000000080065e0       0x30 /media/mdundas/Data/Dropbox/ECET260-2021/workspace/meadowST7735/Drivers/STemWin/Lib/libSTemWin_CM7_wc32.a(LCD_Set.o)
                0x00000000080065e0                LCD_SetLUTEntryEx
 .text.LCD_SetSizeEx
                0x0000000008006610       0x30 /media/mdundas/Data/Dropbox/ECET260-2021/workspace/meadowST7735/Drivers/STemWin/Lib/libSTemWin_CM7_wc32.a(LCD_Set.o)
                0x0000000008006610                LCD_SetSizeEx
 .text.LCD_SetVSizeEx
                0x0000000008006640       0x30 /media/mdundas/Data/Dropbox/ECET260-2021/workspace/meadowST7735/Drivers/STemWin/Lib/libSTemWin_CM7_wc32.a(LCD_Set.o)
                0x0000000008006640                LCD_SetVSizeEx
 .text.LCD_UpdateColorIndices
                0x0000000008006670       0x24 /media/mdundas/Data/Dropbox/ECET260-2021/workspace/meadowST7735/Drivers/STemWin/Lib/libSTemWin_CM7_wc32.a(LCD_UpdateColorIndices.o)
                0x0000000008006670                LCD_UpdateColorIndices
 .text._Log2PhysY_X1Y0S0
                0x0000000008006694        0x4 /media/mdundas/Data/Dropbox/ECET260-2021/workspace/meadowST7735/Drivers/STemWin/Lib/libSTemWin_CM7_wc32.a(GUIDRV_FlexColor.o)
 .text._Log2PhysY_X1Y1S0
                0x0000000008006698        0x8 /media/mdundas/Data/Dropbox/ECET260-2021/workspace/meadowST7735/Drivers/STemWin/Lib/libSTemWin_CM7_wc32.a(GUIDRV_FlexColor.o)
 .text._Log2PhysY_X1Y0S1
                0x00000000080066a0        0x4 /media/mdundas/Data/Dropbox/ECET260-2021/workspace/meadowST7735/Drivers/STemWin/Lib/libSTemWin_CM7_wc32.a(GUIDRV_FlexColor.o)
 .text._Log2PhysY_X1Y1S1
                0x00000000080066a4        0x8 /media/mdundas/Data/Dropbox/ECET260-2021/workspace/meadowST7735/Drivers/STemWin/Lib/libSTemWin_CM7_wc32.a(GUIDRV_FlexColor.o)
 .text._SetPixelIndex
                0x00000000080066ac       0x10 /media/mdundas/Data/Dropbox/ECET260-2021/workspace/meadowST7735/Drivers/STemWin/Lib/libSTemWin_CM7_wc32.a(GUIDRV_FlexColor.o)
 .text._GetPixelIndex
                0x00000000080066bc        0x8 /media/mdundas/Data/Dropbox/ECET260-2021/workspace/meadowST7735/Drivers/STemWin/Lib/libSTemWin_CM7_wc32.a(GUIDRV_FlexColor.o)
 .text._XorPixel
                0x00000000080066c4       0x24 /media/mdundas/Data/Dropbox/ECET260-2021/workspace/meadowST7735/Drivers/STemWin/Lib/libSTemWin_CM7_wc32.a(GUIDRV_FlexColor.o)
 .text._DrawHLine
                0x00000000080066e8       0x10 /media/mdundas/Data/Dropbox/ECET260-2021/workspace/meadowST7735/Drivers/STemWin/Lib/libSTemWin_CM7_wc32.a(GUIDRV_FlexColor.o)
 .text._DrawVLine
                0x00000000080066f8       0x12 /media/mdundas/Data/Dropbox/ECET260-2021/workspace/meadowST7735/Drivers/STemWin/Lib/libSTemWin_CM7_wc32.a(GUIDRV_FlexColor.o)
 .text._FillRect
                0x000000000800670a       0x10 /media/mdundas/Data/Dropbox/ECET260-2021/workspace/meadowST7735/Drivers/STemWin/Lib/libSTemWin_CM7_wc32.a(GUIDRV_FlexColor.o)
 .text._DrawBitmap
                0x000000000800671a        0xe /media/mdundas/Data/Dropbox/ECET260-2021/workspace/meadowST7735/Drivers/STemWin/Lib/libSTemWin_CM7_wc32.a(GUIDRV_FlexColor.o)
 .text._GetDevFunc_SetRect
                0x0000000008006728        0x2 /media/mdundas/Data/Dropbox/ECET260-2021/workspace/meadowST7735/Drivers/STemWin/Lib/libSTemWin_CM7_wc32.a(GUIDRV_FlexColor.o)
 *fill*         0x000000000800672a        0x2 
 .text._GetDevFunc_SetRectOutside
                0x000000000800672c       0x40 /media/mdundas/Data/Dropbox/ECET260-2021/workspace/meadowST7735/Drivers/STemWin/Lib/libSTemWin_CM7_wc32.a(GUIDRV_FlexColor.o)
 .text._ReadPixelCust_16bpp
                0x000000000800676c        0xa /media/mdundas/Data/Dropbox/ECET260-2021/workspace/meadowST7735/Drivers/STemWin/Lib/libSTemWin_CM7_wc32.a(GUIDRV_FlexColor.o)
 .text._ReadPixelCust_18bpp
                0x0000000008006776        0xa /media/mdundas/Data/Dropbox/ECET260-2021/workspace/meadowST7735/Drivers/STemWin/Lib/libSTemWin_CM7_wc32.a(GUIDRV_FlexColor.o)
 .text._ReadRectCust_16bpp
                0x0000000008006780       0x3a /media/mdundas/Data/Dropbox/ECET260-2021/workspace/meadowST7735/Drivers/STemWin/Lib/libSTemWin_CM7_wc32.a(GUIDRV_FlexColor.o)
 .text._ReadRectCust_18bpp
                0x00000000080067ba       0x3a /media/mdundas/Data/Dropbox/ECET260-2021/workspace/meadowST7735/Drivers/STemWin/Lib/libSTemWin_CM7_wc32.a(GUIDRV_FlexColor.o)
 .text._GetDevFunc
                0x00000000080067f4       0x7c /media/mdundas/Data/Dropbox/ECET260-2021/workspace/meadowST7735/Drivers/STemWin/Lib/libSTemWin_CM7_wc32.a(GUIDRV_FlexColor.o)
 .text._GetDevProp
                0x0000000008006870       0x5a /media/mdundas/Data/Dropbox/ECET260-2021/workspace/meadowST7735/Drivers/STemWin/Lib/libSTemWin_CM7_wc32.a(GUIDRV_FlexColor.o)
 .text._GetDevData
                0x00000000080068ca        0xc /media/mdundas/Data/Dropbox/ECET260-2021/workspace/meadowST7735/Drivers/STemWin/Lib/libSTemWin_CM7_wc32.a(GUIDRV_FlexColor.o)
 .text._GetRect
                0x00000000080068d6       0x16 /media/mdundas/Data/Dropbox/ECET260-2021/workspace/meadowST7735/Drivers/STemWin/Lib/libSTemWin_CM7_wc32.a(GUIDRV_FlexColor.o)
 .text.GUIDRV_FlexColor__SetLog2Phys
                0x00000000080068ec       0x48 /media/mdundas/Data/Dropbox/ECET260-2021/workspace/meadowST7735/Drivers/STemWin/Lib/libSTemWin_CM7_wc32.a(GUIDRV_FlexColor.o)
                0x00000000080068ec                GUIDRV_FlexColor__SetLog2Phys
 .text._SetOrg  0x0000000008006934       0x16 /media/mdundas/Data/Dropbox/ECET260-2021/workspace/meadowST7735/Drivers/STemWin/Lib/libSTemWin_CM7_wc32.a(GUIDRV_FlexColor.o)
 .text._Log2PhysY_X0Y0S1
                0x000000000800694a        0x4 /media/mdundas/Data/Dropbox/ECET260-2021/workspace/meadowST7735/Drivers/STemWin/Lib/libSTemWin_CM7_wc32.a(GUIDRV_FlexColor.o)
 .text._Log2PhysX_X0Y0S0
                0x000000000800694e        0x4 /media/mdundas/Data/Dropbox/ECET260-2021/workspace/meadowST7735/Drivers/STemWin/Lib/libSTemWin_CM7_wc32.a(GUIDRV_FlexColor.o)
 .text._Log2PhysX_X0Y1S0
                0x0000000008006952        0x4 /media/mdundas/Data/Dropbox/ECET260-2021/workspace/meadowST7735/Drivers/STemWin/Lib/libSTemWin_CM7_wc32.a(GUIDRV_FlexColor.o)
 .text._Log2PhysX_X0Y0S1
                0x0000000008006956        0x4 /media/mdundas/Data/Dropbox/ECET260-2021/workspace/meadowST7735/Drivers/STemWin/Lib/libSTemWin_CM7_wc32.a(GUIDRV_FlexColor.o)
 .text._Log2PhysX_X0Y1S1
                0x000000000800695a        0x4 /media/mdundas/Data/Dropbox/ECET260-2021/workspace/meadowST7735/Drivers/STemWin/Lib/libSTemWin_CM7_wc32.a(GUIDRV_FlexColor.o)
 .text._Log2PhysY_X0Y0S0
                0x000000000800695e        0x4 /media/mdundas/Data/Dropbox/ECET260-2021/workspace/meadowST7735/Drivers/STemWin/Lib/libSTemWin_CM7_wc32.a(GUIDRV_FlexColor.o)
 .text._Log2PhysY_X0Y1S0
                0x0000000008006962        0x8 /media/mdundas/Data/Dropbox/ECET260-2021/workspace/meadowST7735/Drivers/STemWin/Lib/libSTemWin_CM7_wc32.a(GUIDRV_FlexColor.o)
 .text._Log2PhysX_X1Y0S0
                0x000000000800696a        0x8 /media/mdundas/Data/Dropbox/ECET260-2021/workspace/meadowST7735/Drivers/STemWin/Lib/libSTemWin_CM7_wc32.a(GUIDRV_FlexColor.o)
 .text._Log2PhysX_X1Y1S0
                0x0000000008006972        0x8 /media/mdundas/Data/Dropbox/ECET260-2021/workspace/meadowST7735/Drivers/STemWin/Lib/libSTemWin_CM7_wc32.a(GUIDRV_FlexColor.o)
 .text._Log2PhysX_X1Y0S1
                0x000000000800697a        0x8 /media/mdundas/Data/Dropbox/ECET260-2021/workspace/meadowST7735/Drivers/STemWin/Lib/libSTemWin_CM7_wc32.a(GUIDRV_FlexColor.o)
 .text._Log2PhysX_X1Y1S1
                0x0000000008006982        0x8 /media/mdundas/Data/Dropbox/ECET260-2021/workspace/meadowST7735/Drivers/STemWin/Lib/libSTemWin_CM7_wc32.a(GUIDRV_FlexColor.o)
 .text._Log2PhysY_X0Y1S1
                0x000000000800698a        0x8 /media/mdundas/Data/Dropbox/ECET260-2021/workspace/meadowST7735/Drivers/STemWin/Lib/libSTemWin_CM7_wc32.a(GUIDRV_FlexColor.o)
 .text.GUIDRV_FlexColor__SetPixelIndexNoCache
                0x0000000008006992       0x88 /media/mdundas/Data/Dropbox/ECET260-2021/workspace/meadowST7735/Drivers/STemWin/Lib/libSTemWin_CM7_wc32.a(GUIDRV_FlexColor.o)
                0x0000000008006992                GUIDRV_FlexColor__SetPixelIndexNoCache
 .text.GUIDRV_FlexColor__GetPixelIndexNoCache
                0x0000000008006a1a       0xb2 /media/mdundas/Data/Dropbox/ECET260-2021/workspace/meadowST7735/Drivers/STemWin/Lib/libSTemWin_CM7_wc32.a(GUIDRV_FlexColor.o)
                0x0000000008006a1a                GUIDRV_FlexColor__GetPixelIndexNoCache
 .text.GUIDRV_FlexColor__InitOnce
                0x0000000008006acc       0x3c /media/mdundas/Data/Dropbox/ECET260-2021/workspace/meadowST7735/Drivers/STemWin/Lib/libSTemWin_CM7_wc32.a(GUIDRV_FlexColor.o)
                0x0000000008006acc                GUIDRV_FlexColor__InitOnce
 .text._SetDevFunc
                0x0000000008006b08       0x9c /media/mdundas/Data/Dropbox/ECET260-2021/workspace/meadowST7735/Drivers/STemWin/Lib/libSTemWin_CM7_wc32.a(GUIDRV_FlexColor.o)
 .text._GetDevFunc_Init
                0x0000000008006ba4       0x4a /media/mdundas/Data/Dropbox/ECET260-2021/workspace/meadowST7735/Drivers/STemWin/Lib/libSTemWin_CM7_wc32.a(GUIDRV_FlexColor.o)
 .text._GetDevFunc_SetSize
                0x0000000008006bee       0x14 /media/mdundas/Data/Dropbox/ECET260-2021/workspace/meadowST7735/Drivers/STemWin/Lib/libSTemWin_CM7_wc32.a(GUIDRV_FlexColor.o)
 .text._GetDevFunc_SetVSize
                0x0000000008006c02       0x14 /media/mdundas/Data/Dropbox/ECET260-2021/workspace/meadowST7735/Drivers/STemWin/Lib/libSTemWin_CM7_wc32.a(GUIDRV_FlexColor.o)
 .text._GetDevFunc_Off
                0x0000000008006c16       0x16 /media/mdundas/Data/Dropbox/ECET260-2021/workspace/meadowST7735/Drivers/STemWin/Lib/libSTemWin_CM7_wc32.a(GUIDRV_FlexColor.o)
 .text._GetDevFunc_On
                0x0000000008006c2c       0x16 /media/mdundas/Data/Dropbox/ECET260-2021/workspace/meadowST7735/Drivers/STemWin/Lib/libSTemWin_CM7_wc32.a(GUIDRV_FlexColor.o)
 .text.GUIDRV_FlexColor_Config
                0x0000000008006c42       0x3c /media/mdundas/Data/Dropbox/ECET260-2021/workspace/meadowST7735/Drivers/STemWin/Lib/libSTemWin_CM7_wc32.a(GUIDRV_FlexColor.o)
                0x0000000008006c42                GUIDRV_FlexColor_Config
 .text.GUIDRV_FlexColor_SetFunc
                0x0000000008006c7e       0x32 /media/mdundas/Data/Dropbox/ECET260-2021/workspace/meadowST7735/Drivers/STemWin/Lib/libSTemWin_CM7_wc32.a(GUIDRV_FlexColor.o)
                0x0000000008006c7e                GUIDRV_FlexColor_SetFunc
 .text._WriteU16_A1
                0x0000000008006cb0       0x12 /media/mdundas/Data/Dropbox/ECET260-2021/workspace/meadowST7735/Drivers/STemWin/Lib/libSTemWin_CM7_wc32.a(GUIDRV_FlexColor_16bpp_C0B8.o)
 .text._WriteDataMP
                0x0000000008006cc2       0x4e /media/mdundas/Data/Dropbox/ECET260-2021/workspace/meadowST7735/Drivers/STemWin/Lib/libSTemWin_CM7_wc32.a(GUIDRV_FlexColor_16bpp_C0B8.o)
 .text._ReadData
                0x0000000008006d10        0xa /media/mdundas/Data/Dropbox/ECET260-2021/workspace/meadowST7735/Drivers/STemWin/Lib/libSTemWin_CM7_wc32.a(GUIDRV_FlexColor_16bpp_C0B8.o)
 .text._WriteData
                0x0000000008006d1a        0x6 /media/mdundas/Data/Dropbox/ECET260-2021/workspace/meadowST7735/Drivers/STemWin/Lib/libSTemWin_CM7_wc32.a(GUIDRV_FlexColor_16bpp_C0B8.o)
 .text._FillRect
                0x0000000008006d20      0x104 /media/mdundas/Data/Dropbox/ECET260-2021/workspace/meadowST7735/Drivers/STemWin/Lib/libSTemWin_CM7_wc32.a(GUIDRV_FlexColor_16bpp_C0B8.o)
 .text._DrawBitmap
                0x0000000008006e24      0x524 /media/mdundas/Data/Dropbox/ECET260-2021/workspace/meadowST7735/Drivers/STemWin/Lib/libSTemWin_CM7_wc32.a(GUIDRV_FlexColor_16bpp_C0B8.o)
 .text.GUIDRV_FlexColor_SetMode16bppC0B8
                0x0000000008007348       0x68 /media/mdundas/Data/Dropbox/ECET260-2021/workspace/meadowST7735/Drivers/STemWin/Lib/libSTemWin_CM7_wc32.a(GUIDRV_FlexColor_16bpp_C0B8.o)
                0x0000000008007348                GUIDRV_FlexColor_SetMode16bppC0B8
 .text._SetPhysRAMAddr
                0x00000000080073b0       0xa6 /media/mdundas/Data/Dropbox/ECET260-2021/workspace/meadowST7735/Drivers/STemWin/Lib/libSTemWin_CM7_wc32.a(GUIDRV_FlexColor_Func66709.o)
 .text._SetRect
                0x0000000008007456       0xa6 /media/mdundas/Data/Dropbox/ECET260-2021/workspace/meadowST7735/Drivers/STemWin/Lib/libSTemWin_CM7_wc32.a(GUIDRV_FlexColor_Func66709.o)
 .text._SetOrientation
                0x00000000080074fc       0x40 /media/mdundas/Data/Dropbox/ECET260-2021/workspace/meadowST7735/Drivers/STemWin/Lib/libSTemWin_CM7_wc32.a(GUIDRV_FlexColor_Func66709.o)
 .text._ReadPixel_16bpp_B8
                0x000000000800753c       0x38 /media/mdundas/Data/Dropbox/ECET260-2021/workspace/meadowST7735/Drivers/STemWin/Lib/libSTemWin_CM7_wc32.a(GUIDRV_FlexColor_Func66709.o)
 .text._ReadPixel_16bpp_B16_I
                0x0000000008007574       0x3c /media/mdundas/Data/Dropbox/ECET260-2021/workspace/meadowST7735/Drivers/STemWin/Lib/libSTemWin_CM7_wc32.a(GUIDRV_FlexColor_Func66709.o)
 .text._SetReg_B8
                0x00000000080075b0       0x1a /media/mdundas/Data/Dropbox/ECET260-2021/workspace/meadowST7735/Drivers/STemWin/Lib/libSTemWin_CM7_wc32.a(GUIDRV_FlexColor_Func66709.o)
 .text._SetReg_B16
                0x00000000080075ca        0x8 /media/mdundas/Data/Dropbox/ECET260-2021/workspace/meadowST7735/Drivers/STemWin/Lib/libSTemWin_CM7_wc32.a(GUIDRV_FlexColor_Func66709.o)
 .text._WritePara_B8
                0x00000000080075d2        0x8 /media/mdundas/Data/Dropbox/ECET260-2021/workspace/meadowST7735/Drivers/STemWin/Lib/libSTemWin_CM7_wc32.a(GUIDRV_FlexColor_Func66709.o)
 .text._WritePara_B16
                0x00000000080075da        0x8 /media/mdundas/Data/Dropbox/ECET260-2021/workspace/meadowST7735/Drivers/STemWin/Lib/libSTemWin_CM7_wc32.a(GUIDRV_FlexColor_Func66709.o)
 *fill*         0x00000000080075e2        0x2 
 .text._SetInterface
                0x00000000080075e4       0x34 /media/mdundas/Data/Dropbox/ECET260-2021/workspace/meadowST7735/Drivers/STemWin/Lib/libSTemWin_CM7_wc32.a(GUIDRV_FlexColor_Func66709.o)
 .text._ReadRect_16bpp_B8
                0x0000000008007618       0x66 /media/mdundas/Data/Dropbox/ECET260-2021/workspace/meadowST7735/Drivers/STemWin/Lib/libSTemWin_CM7_wc32.a(GUIDRV_FlexColor_Func66709.o)
 .text._ReadRect_16bpp_B16_I
                0x000000000800767e       0x6a /media/mdundas/Data/Dropbox/ECET260-2021/workspace/meadowST7735/Drivers/STemWin/Lib/libSTemWin_CM7_wc32.a(GUIDRV_FlexColor_Func66709.o)
 .text.GUIDRV_FlexColor_SetFunc66709
                0x00000000080076e8       0x6c /media/mdundas/Data/Dropbox/ECET260-2021/workspace/meadowST7735/Drivers/STemWin/Lib/libSTemWin_CM7_wc32.a(GUIDRV_FlexColor_Func66709.o)
                0x00000000080076e8                GUIDRV_FlexColor_SetFunc66709
 .text._GetDevData
                0x0000000008007754       0x10 /media/mdundas/Data/Dropbox/ECET260-2021/workspace/meadowST7735/Drivers/STemWin/Lib/libSTemWin_CM7_wc32.a(GUIDEV_16.o)
 .text._GetDevFunc
                0x0000000008007764       0x10 /media/mdundas/Data/Dropbox/ECET260-2021/workspace/meadowST7735/Drivers/STemWin/Lib/libSTemWin_CM7_wc32.a(GUIDEV_16.o)
 .text._SetOrg  0x0000000008007774        0xc /media/mdundas/Data/Dropbox/ECET260-2021/workspace/meadowST7735/Drivers/STemWin/Lib/libSTemWin_CM7_wc32.a(GUIDEV_16.o)
 .text._GetRect
                0x0000000008007780       0x36 /media/mdundas/Data/Dropbox/ECET260-2021/workspace/meadowST7735/Drivers/STemWin/Lib/libSTemWin_CM7_wc32.a(GUIDEV_16.o)
 *fill*         0x00000000080077b6        0x2 
 .text._XY2PTR  0x00000000080077b8       0x40 /media/mdundas/Data/Dropbox/ECET260-2021/workspace/meadowST7735/Drivers/STemWin/Lib/libSTemWin_CM7_wc32.a(GUIDEV_16.o)
 .text._GetPixelIndex
                0x00000000080077f8        0xe /media/mdundas/Data/Dropbox/ECET260-2021/workspace/meadowST7735/Drivers/STemWin/Lib/libSTemWin_CM7_wc32.a(GUIDEV_16.o)
 *fill*         0x0000000008007806        0x2 
 .text._XorPixel
                0x0000000008007808       0x58 /media/mdundas/Data/Dropbox/ECET260-2021/workspace/meadowST7735/Drivers/STemWin/Lib/libSTemWin_CM7_wc32.a(GUIDEV_16.o)
 .text._SetPixelIndex
                0x0000000008007860       0x4c /media/mdundas/Data/Dropbox/ECET260-2021/workspace/meadowST7735/Drivers/STemWin/Lib/libSTemWin_CM7_wc32.a(GUIDEV_16.o)
 .text._DrawVLine
                0x00000000080078ac       0xbc /media/mdundas/Data/Dropbox/ECET260-2021/workspace/meadowST7735/Drivers/STemWin/Lib/libSTemWin_CM7_wc32.a(GUIDEV_16.o)
 .text._FillRect
                0x0000000008007968       0xb4 /media/mdundas/Data/Dropbox/ECET260-2021/workspace/meadowST7735/Drivers/STemWin/Lib/libSTemWin_CM7_wc32.a(GUIDEV_16.o)
 .text._DrawHLine
                0x0000000008007a1c        0xe /media/mdundas/Data/Dropbox/ECET260-2021/workspace/meadowST7735/Drivers/STemWin/Lib/libSTemWin_CM7_wc32.a(GUIDEV_16.o)
 *fill*         0x0000000008007a2a        0x2 
 .text._DrawBitmap
                0x0000000008007a2c      0x754 /media/mdundas/Data/Dropbox/ECET260-2021/workspace/meadowST7735/Drivers/STemWin/Lib/libSTemWin_CM7_wc32.a(GUIDEV_16.o)
 .text._GetDevProp
                0x0000000008008180       0x18 /media/mdundas/Data/Dropbox/ECET260-2021/workspace/meadowST7735/Drivers/STemWin/Lib/libSTemWin_CM7_wc32.a(GUIDEV_16.o)
 .text.GUI_USAGE_DecUseCnt
                0x0000000008008198       0x28 /media/mdundas/Data/Dropbox/ECET260-2021/workspace/meadowST7735/Drivers/STemWin/Lib/libSTemWin_CM7_wc32.a(GUIDEV_Usage.o)
                0x0000000008008198                GUI_USAGE_DecUseCnt
 .text.GUI_USAGE_AddRect
                0x00000000080081c0       0x26 /media/mdundas/Data/Dropbox/ECET260-2021/workspace/meadowST7735/Drivers/STemWin/Lib/libSTemWin_CM7_wc32.a(GUIDEV_Usage.o)
                0x00000000080081c0                GUI_USAGE_AddRect
 .text._Convert16
                0x00000000080081e6       0x3e /media/mdundas/Data/Dropbox/ECET260-2021/workspace/meadowST7735/Drivers/STemWin/Lib/libSTemWin_CM7_wc32.a(GUIDEV_WriteToActiveOpaque.o)
 .text._Convert8
                0x0000000008008224       0x42 /media/mdundas/Data/Dropbox/ECET260-2021/workspace/meadowST7735/Drivers/STemWin/Lib/libSTemWin_CM7_wc32.a(GUIDEV_WriteToActiveOpaque.o)
 *fill*         0x0000000008008266        0x2 
 .text.GUI_MEMDEV__WriteToActiveOpaque
                0x0000000008008268      0x74c /media/mdundas/Data/Dropbox/ECET260-2021/workspace/meadowST7735/Drivers/STemWin/Lib/libSTemWin_CM7_wc32.a(GUIDEV_WriteToActiveOpaque.o)
                0x0000000008008268                GUI_MEMDEV__WriteToActiveOpaque
 .text._OnExit  0x00000000080089b4       0xa4 /media/mdundas/Data/Dropbox/ECET260-2021/workspace/meadowST7735/Drivers/STemWin/Lib/libSTemWin_CM7_wc32.a(WM.o)
 .text._Paint1  0x0000000008008a58       0x28 /media/mdundas/Data/Dropbox/ECET260-2021/workspace/meadowST7735/Drivers/STemWin/Lib/libSTemWin_CM7_wc32.a(WM.o)
 .text._Findy1  0x0000000008008a80       0xa6 /media/mdundas/Data/Dropbox/ECET260-2021/workspace/meadowST7735/Drivers/STemWin/Lib/libSTemWin_CM7_wc32.a(WM.o)
 .text._Findx0  0x0000000008008b26       0x86 /media/mdundas/Data/Dropbox/ECET260-2021/workspace/meadowST7735/Drivers/STemWin/Lib/libSTemWin_CM7_wc32.a(WM.o)
 .text._Findx1  0x0000000008008bac       0x72 /media/mdundas/Data/Dropbox/ECET260-2021/workspace/meadowST7735/Drivers/STemWin/Lib/libSTemWin_CM7_wc32.a(WM.o)
 *fill*         0x0000000008008c1e        0x2 
 .text._Paint1Trans
                0x0000000008008c20       0x94 /media/mdundas/Data/Dropbox/ECET260-2021/workspace/meadowST7735/Drivers/STemWin/Lib/libSTemWin_CM7_wc32.a(WM.o)
 .text._PaintTransChildren
                0x0000000008008cb4       0xae /media/mdundas/Data/Dropbox/ECET260-2021/workspace/meadowST7735/Drivers/STemWin/Lib/libSTemWin_CM7_wc32.a(WM.o)
 *fill*         0x0000000008008d62        0x2 
 .text.WM__PaintWinAndOverlays
                0x0000000008008d64       0x78 /media/mdundas/Data/Dropbox/ECET260-2021/workspace/meadowST7735/Drivers/STemWin/Lib/libSTemWin_CM7_wc32.a(WM.o)
 .text._cbPaintMemDev
                0x0000000008008ddc       0x6c /media/mdundas/Data/Dropbox/ECET260-2021/workspace/meadowST7735/Drivers/STemWin/Lib/libSTemWin_CM7_wc32.a(WM.o)
 .text.WM__ClipAtParentBorders
                0x0000000008008e48       0x58 /media/mdundas/Data/Dropbox/ECET260-2021/workspace/meadowST7735/Drivers/STemWin/Lib/libSTemWin_CM7_wc32.a(WM.o)
                0x0000000008008e48                WM__ClipAtParentBorders
 .text.WM__InsertWindowIntoList
                0x0000000008008ea0       0xac /media/mdundas/Data/Dropbox/ECET260-2021/workspace/meadowST7735/Drivers/STemWin/Lib/libSTemWin_CM7_wc32.a(WM.o)
                0x0000000008008ea0                WM__InsertWindowIntoList
 .text.WM__RemoveWindowFromList
                0x0000000008008f4c       0x3c /media/mdundas/Data/Dropbox/ECET260-2021/workspace/meadowST7735/Drivers/STemWin/Lib/libSTemWin_CM7_wc32.a(WM.o)
                0x0000000008008f4c                WM__RemoveWindowFromList
 .text.WM__Client2Screen
                0x0000000008008f88       0x10 /media/mdundas/Data/Dropbox/ECET260-2021/workspace/meadowST7735/Drivers/STemWin/Lib/libSTemWin_CM7_wc32.a(WM.o)
                0x0000000008008f88                WM__Client2Screen
 .text._SetClipRectUserIntersect
                0x0000000008008f98       0x50 /media/mdundas/Data/Dropbox/ECET260-2021/workspace/meadowST7735/Drivers/STemWin/Lib/libSTemWin_CM7_wc32.a(WM.o)
 .text.WM__ActivateClipRect
                0x0000000008008fe8       0x48 /media/mdundas/Data/Dropbox/ECET260-2021/workspace/meadowST7735/Drivers/STemWin/Lib/libSTemWin_CM7_wc32.a(WM.o)
                0x0000000008008fe8                WM__ActivateClipRect
 .text.WM__IsWindow
                0x0000000008009030       0x20 /media/mdundas/Data/Dropbox/ECET260-2021/workspace/meadowST7735/Drivers/STemWin/Lib/libSTemWin_CM7_wc32.a(WM.o)
                0x0000000008009030                WM__IsWindow
 .text.WM__InvalidateDrawAndDescs
                0x0000000008009050       0x50 /media/mdundas/Data/Dropbox/ECET260-2021/workspace/meadowST7735/Drivers/STemWin/Lib/libSTemWin_CM7_wc32.a(WM.o)
                0x0000000008009050                WM__InvalidateDrawAndDescs
 .text.WM__RectIsNZ
                0x00000000080090a0       0x22 /media/mdundas/Data/Dropbox/ECET260-2021/workspace/meadowST7735/Drivers/STemWin/Lib/libSTemWin_CM7_wc32.a(WM.o)
                0x00000000080090a0                WM__RectIsNZ
 .text.WM__SendMsgNoData
                0x00000000080090c2       0x16 /media/mdundas/Data/Dropbox/ECET260-2021/workspace/meadowST7735/Drivers/STemWin/Lib/libSTemWin_CM7_wc32.a(WM.o)
                0x00000000080090c2                WM__SendMsgNoData
 .text.WM__GetClientRectWin
                0x00000000080090d8       0x18 /media/mdundas/Data/Dropbox/ECET260-2021/workspace/meadowST7735/Drivers/STemWin/Lib/libSTemWin_CM7_wc32.a(WM.o)
                0x00000000080090d8                WM__GetClientRectWin
 .text.WM__GetTopLevelLayer
                0x00000000080090f0       0x28 /media/mdundas/Data/Dropbox/ECET260-2021/workspace/meadowST7735/Drivers/STemWin/Lib/libSTemWin_CM7_wc32.a(WM.o)
                0x00000000080090f0                WM__GetTopLevelLayer
 .text._Invalidate1Abs
                0x0000000008009118       0xa0 /media/mdundas/Data/Dropbox/ECET260-2021/workspace/meadowST7735/Drivers/STemWin/Lib/libSTemWin_CM7_wc32.a(WM.o)
 .text.WM__Invalidate1Abs
                0x00000000080091b8        0x6 /media/mdundas/Data/Dropbox/ECET260-2021/workspace/meadowST7735/Drivers/STemWin/Lib/libSTemWin_CM7_wc32.a(WM.o)
                0x00000000080091b8                WM__Invalidate1Abs
 .text.WM_InvalidateWindowAndDescsEx
                0x00000000080091be       0x64 /media/mdundas/Data/Dropbox/ECET260-2021/workspace/meadowST7735/Drivers/STemWin/Lib/libSTemWin_CM7_wc32.a(WM.o)
                0x00000000080091be                WM_InvalidateWindowAndDescsEx
 .text.WM__InvalidateRect
                0x0000000008009222       0x76 /media/mdundas/Data/Dropbox/ECET260-2021/workspace/meadowST7735/Drivers/STemWin/Lib/libSTemWin_CM7_wc32.a(WM.o)
                0x0000000008009222                WM__InvalidateRect
 .text.WM__InvalidateParent
                0x0000000008009298       0x2a /media/mdundas/Data/Dropbox/ECET260-2021/workspace/meadowST7735/Drivers/STemWin/Lib/libSTemWin_CM7_wc32.a(WM.o)
                0x0000000008009298                WM__InvalidateParent
 .text.WM__InvalidateRectEx
                0x00000000080092c2        0x6 /media/mdundas/Data/Dropbox/ECET260-2021/workspace/meadowST7735/Drivers/STemWin/Lib/libSTemWin_CM7_wc32.a(WM.o)
                0x00000000080092c2                WM__InvalidateRectEx
 .text.WM__DetachWindow
                0x00000000080092c8       0x2a /media/mdundas/Data/Dropbox/ECET260-2021/workspace/meadowST7735/Drivers/STemWin/Lib/libSTemWin_CM7_wc32.a(WM.o)
                0x00000000080092c8                WM__DetachWindow
 .text.WM_InvalidateRect
                0x00000000080092f2       0x78 /media/mdundas/Data/Dropbox/ECET260-2021/workspace/meadowST7735/Drivers/STemWin/Lib/libSTemWin_CM7_wc32.a(WM.o)
                0x00000000080092f2                WM_InvalidateRect
 .text.WM_InvalidateWindow
                0x000000000800936a        0x6 /media/mdundas/Data/Dropbox/ECET260-2021/workspace/meadowST7735/Drivers/STemWin/Lib/libSTemWin_CM7_wc32.a(WM.o)
                0x000000000800936a                WM_InvalidateWindow
 .text.WM__SelectTopLevelLayer
                0x0000000008009370       0x14 /media/mdundas/Data/Dropbox/ECET260-2021/workspace/meadowST7735/Drivers/STemWin/Lib/libSTemWin_CM7_wc32.a(WM.o)
                0x0000000008009370                WM__SelectTopLevelLayer
 .text.WM_SelectWindow
                0x0000000008009384       0x40 /media/mdundas/Data/Dropbox/ECET260-2021/workspace/meadowST7735/Drivers/STemWin/Lib/libSTemWin_CM7_wc32.a(WM.o)
                0x0000000008009384                WM_SelectWindow
 .text.WM_CreateWindowAsChild
                0x00000000080093c4      0x160 /media/mdundas/Data/Dropbox/ECET260-2021/workspace/meadowST7735/Drivers/STemWin/Lib/libSTemWin_CM7_wc32.a(WM.o)
                0x00000000080093c4                WM_CreateWindowAsChild
 .text.WM_DeleteWindow
                0x0000000008009524      0x118 /media/mdundas/Data/Dropbox/ECET260-2021/workspace/meadowST7735/Drivers/STemWin/Lib/libSTemWin_CM7_wc32.a(WM.o)
                0x0000000008009524                WM_DeleteWindow
 .text._Exec1Input
                0x000000000800963c       0x84 /media/mdundas/Data/Dropbox/ECET260-2021/workspace/meadowST7735/Drivers/STemWin/Lib/libSTemWin_CM7_wc32.a(WM.o)
 .text.WM__GetNextIVR
                0x00000000080096c0      0x184 /media/mdundas/Data/Dropbox/ECET260-2021/workspace/meadowST7735/Drivers/STemWin/Lib/libSTemWin_CM7_wc32.a(WM.o)
                0x00000000080096c0                WM__GetNextIVR
 .text.WM__InitIVRSearch
                0x0000000008009844      0x100 /media/mdundas/Data/Dropbox/ECET260-2021/workspace/meadowST7735/Drivers/STemWin/Lib/libSTemWin_CM7_wc32.a(WM.o)
                0x0000000008009844                WM__InitIVRSearch
 .text.WM_SetDefault
                0x0000000008009944       0x14 /media/mdundas/Data/Dropbox/ECET260-2021/workspace/meadowST7735/Drivers/STemWin/Lib/libSTemWin_CM7_wc32.a(WM.o)
                0x0000000008009944                WM_SetDefault
 .text.WM__Paint1
                0x0000000008009958       0x94 /media/mdundas/Data/Dropbox/ECET260-2021/workspace/meadowST7735/Drivers/STemWin/Lib/libSTemWin_CM7_wc32.a(WM.o)
                0x0000000008009958                WM__Paint1
 .text.WM__Paint
                0x00000000080099ec       0xb4 /media/mdundas/Data/Dropbox/ECET260-2021/workspace/meadowST7735/Drivers/STemWin/Lib/libSTemWin_CM7_wc32.a(WM.o)
                0x00000000080099ec                WM__Paint
 .text._Exec1Draw
                0x0000000008009aa0       0x8c /media/mdundas/Data/Dropbox/ECET260-2021/workspace/meadowST7735/Drivers/STemWin/Lib/libSTemWin_CM7_wc32.a(WM.o)
 .text.WM_Exec  0x0000000008009b2c       0x78 /media/mdundas/Data/Dropbox/ECET260-2021/workspace/meadowST7735/Drivers/STemWin/Lib/libSTemWin_CM7_wc32.a(WM.o)
                0x0000000008009b2c                WM_Exec
 .text.WM_Activate
                0x0000000008009ba4       0x10 /media/mdundas/Data/Dropbox/ECET260-2021/workspace/meadowST7735/Drivers/STemWin/Lib/libSTemWin_CM7_wc32.a(WM.o)
                0x0000000008009ba4                WM_Activate
 .text.WM_Deactivate
                0x0000000008009bb4       0x14 /media/mdundas/Data/Dropbox/ECET260-2021/workspace/meadowST7735/Drivers/STemWin/Lib/libSTemWin_CM7_wc32.a(WM.o)
                0x0000000008009bb4                WM_Deactivate
 .text.WM_DefaultProc
                0x0000000008009bc8       0x48 /media/mdundas/Data/Dropbox/ECET260-2021/workspace/meadowST7735/Drivers/STemWin/Lib/libSTemWin_CM7_wc32.a(WM.o)
                0x0000000008009bc8                WM_DefaultProc
 .text._cbBackWin
                0x0000000008009c10       0x68 /media/mdundas/Data/Dropbox/ECET260-2021/workspace/meadowST7735/Drivers/STemWin/Lib/libSTemWin_CM7_wc32.a(WM.o)
 .text.WM_Init  0x0000000008009c78       0xf0 /media/mdundas/Data/Dropbox/ECET260-2021/workspace/meadowST7735/Drivers/STemWin/Lib/libSTemWin_CM7_wc32.a(WM.o)
                0x0000000008009c78                WM_Init
 .text.WM_GetDesktopWindow
                0x0000000008009d68       0x18 /media/mdundas/Data/Dropbox/ECET260-2021/workspace/meadowST7735/Drivers/STemWin/Lib/libSTemWin_CM7_wc32.a(WM_Lib.o)
                0x0000000008009d68                WM_GetDesktopWindow
 .text.WM_GetFirstChild
                0x0000000008009d80       0x10 /media/mdundas/Data/Dropbox/ECET260-2021/workspace/meadowST7735/Drivers/STemWin/Lib/libSTemWin_CM7_wc32.a(WM_Lib.o)
                0x0000000008009d80                WM_GetFirstChild
 .text.WM_GetWindowOrgX
                0x0000000008009d90       0x10 /media/mdundas/Data/Dropbox/ECET260-2021/workspace/meadowST7735/Drivers/STemWin/Lib/libSTemWin_CM7_wc32.a(WM_Lib.o)
                0x0000000008009d90                WM_GetWindowOrgX
 .text.WM_GetParent
                0x0000000008009da0       0x10 /media/mdundas/Data/Dropbox/ECET260-2021/workspace/meadowST7735/Drivers/STemWin/Lib/libSTemWin_CM7_wc32.a(WM_Lib.o)
                0x0000000008009da0                WM_GetParent
 .text.WM_BringToBottom
                0x0000000008009db0       0x86 /media/mdundas/Data/Dropbox/ECET260-2021/workspace/meadowST7735/Drivers/STemWin/Lib/libSTemWin_CM7_wc32.a(WM_Lib.o)
                0x0000000008009db0                WM_BringToBottom
 *fill*         0x0000000008009e36        0x2 
 .text.WM_OnKey
                0x0000000008009e38       0x34 /media/mdundas/Data/Dropbox/ECET260-2021/workspace/meadowST7735/Drivers/STemWin/Lib/libSTemWin_CM7_wc32.a(WM_Lib.o)
                0x0000000008009e38                WM_OnKey
 .text.WM_ResizeWindow
                0x0000000008009e6c       0xf6 /media/mdundas/Data/Dropbox/ECET260-2021/workspace/meadowST7735/Drivers/STemWin/Lib/libSTemWin_CM7_wc32.a(WM_Lib.o)
                0x0000000008009e6c                WM_ResizeWindow
 .text.WM_SendMessageNoPara
                0x0000000008009f62        0x4 /media/mdundas/Data/Dropbox/ECET260-2021/workspace/meadowST7735/Drivers/STemWin/Lib/libSTemWin_CM7_wc32.a(WM_Lib.o)
                0x0000000008009f62                WM_SendMessageNoPara
 .text.WM_SendToParent
                0x0000000008009f66       0x1c /media/mdundas/Data/Dropbox/ECET260-2021/workspace/meadowST7735/Drivers/STemWin/Lib/libSTemWin_CM7_wc32.a(WM_Lib.o)
                0x0000000008009f66                WM_SendToParent
 .text.WM_NotifyParent
                0x0000000008009f82       0x14 /media/mdundas/Data/Dropbox/ECET260-2021/workspace/meadowST7735/Drivers/STemWin/Lib/libSTemWin_CM7_wc32.a(WM_Lib.o)
                0x0000000008009f82                WM_NotifyParent
 .text.WM_SetSize
                0x0000000008009f96       0x4c /media/mdundas/Data/Dropbox/ECET260-2021/workspace/meadowST7735/Drivers/STemWin/Lib/libSTemWin_CM7_wc32.a(WM_Lib.o)
                0x0000000008009f96                WM_SetSize
 .text._MoveDescendents
                0x0000000008009fe2       0x72 /media/mdundas/Data/Dropbox/ECET260-2021/workspace/meadowST7735/Drivers/STemWin/Lib/libSTemWin_CM7_wc32.a(WM_Move.o)
 .text.WM__MoveWindow
                0x000000000800a054       0xa8 /media/mdundas/Data/Dropbox/ECET260-2021/workspace/meadowST7735/Drivers/STemWin/Lib/libSTemWin_CM7_wc32.a(WM_Move.o)
                0x000000000800a054                WM__MoveWindow
 .text.WM_MoveWindow
                0x000000000800a0fc        0x4 /media/mdundas/Data/Dropbox/ECET260-2021/workspace/meadowST7735/Drivers/STemWin/Lib/libSTemWin_CM7_wc32.a(WM_Move.o)
                0x000000000800a0fc                WM_MoveWindow
 .text.WM_DeleteTimer
                0x000000000800a100       0x26 /media/mdundas/Data/Dropbox/ECET260-2021/workspace/meadowST7735/Drivers/STemWin/Lib/libSTemWin_CM7_wc32.a(WM_Timer.o)
                0x000000000800a100                WM_DeleteTimer
 .text.WM__DeleteAssocTimer
                0x000000000800a126       0x4a /media/mdundas/Data/Dropbox/ECET260-2021/workspace/meadowST7735/Drivers/STemWin/Lib/libSTemWin_CM7_wc32.a(WM_Timer.o)
                0x000000000800a126                WM__DeleteAssocTimer
 .text.WM__GetFirstSibling
                0x000000000800a170       0x12 /media/mdundas/Data/Dropbox/ECET260-2021/workspace/meadowST7735/Drivers/STemWin/Lib/libSTemWin_CM7_wc32.a(WM__Private.o)
                0x000000000800a170                WM__GetFirstSibling
 .text.WM__GetPrevSibling
                0x000000000800a182       0x26 /media/mdundas/Data/Dropbox/ECET260-2021/workspace/meadowST7735/Drivers/STemWin/Lib/libSTemWin_CM7_wc32.a(WM__Private.o)
                0x000000000800a182                WM__GetPrevSibling
 .text.WM__SendMessage
                0x000000000800a1a8       0x3c /media/mdundas/Data/Dropbox/ECET260-2021/workspace/meadowST7735/Drivers/STemWin/Lib/libSTemWin_CM7_wc32.a(WM__Private.o)
                0x000000000800a1a8                WM__SendMessage
 .text.WM__SendMessageNoPara
                0x000000000800a1e4       0x28 /media/mdundas/Data/Dropbox/ECET260-2021/workspace/meadowST7735/Drivers/STemWin/Lib/libSTemWin_CM7_wc32.a(WM__Private.o)
                0x000000000800a1e4                WM__SendMessageNoPara
 .text.WM__UpdateChildPositions
                0x000000000800a20c       0xec /media/mdundas/Data/Dropbox/ECET260-2021/workspace/meadowST7735/Drivers/STemWin/Lib/libSTemWin_CM7_wc32.a(WM__Private.o)
                0x000000000800a20c                WM__UpdateChildPositions
 .text.WM__AddCriticalHandle